32873
C.C.C.C.C*.C*******.C*C.C*C.***.C.C.**C.*.C.C.*C.**C**C**.C**.*C.C*.C**.C.C.C*C.C.*.*.C***C***C.C.*.**C.C.C.**C.*C***.C.*.C**.C***C.C.C*C*C**.C.C.C*C.C.*C**C***C.C.*.C.C***C.C.C..C*C**C.***C**C.C.C**C*C*C*C.C*C**C.**C*C**.C*C**.***.C.*C.C*.C.**C*.C.**C.C.C..C.***C*C**C*C.C*C.C*C.*.C.C.*.C.C*.C**C*C.C.**C*C.*****C.**C.C.C..C.C.C.C***C*****C.C.C*C.C.**C.*.C.C*C.*C*C.C**C*C.C.*.***C*.C.C.C**.C*C.C.C.**C*****C*C.**C.**C.C*C*.C*.C***C**C*C*.C**.C***.C*.*.C.C.***.C*C*C.C.C.*.C.**.C.C***C*.C**C***.C**.*.C***C..C.C*C..C*C.C.C**.C.C**C.C.C.C.*C**.C***C*C.C.C.*.C*C.C.C**.C.**C.C.C*.C*.*C.C*C***.C.C*C*C.*.C*C.C**C*C.C..C.C*C.**C**C*.C*C****C*C****C*C.*.C**C***.C.C.C**C****C.*.**C*C.*C.C**C.*C.C.*.C.**C**C.C.C.C.C.***C.C**C**.C.**C**C.C.C.C*.C.C*C.C.C.*******.*C*.C.C.C*C****C.*C*C.C*C.C*C*C.C.*.C**.C*****C.C*C*C*C.C.*C***C*C****C..C.C*.C*C***C.C.C******C.C*.C.C.C.*
*C.*****.*C*C**C.*C*.C**.*.C*C.C***C.C.C.C*C.*C*C.C..C*C*C.**C..C.C**C.C.C.C*C*C.**C**.C.C.C.C*C.**C.C.****C.C*C***C.C.C.*.C.C.C.C*C*C**.C.C.C*C.*.C.***.*.C*C*C.C*C.C.*.C*C.**C.*C.C*C.**C*C*C**C*C**C*C****.C.C*.C.C*C.*.C*C.*.**C.C*C.C**C.*C.C.*.*C*C***..C*C*.C****C.C*.*.**C*C**.C*C*C.C***C**C*C**C*C.C.C*C.C.*C.C*C.C**.C.C*.C*C*C.C***C.C*C.C****.C*C.C*C****.**C..C*C*C*.C.C.C*C*C..C*.C*C***C.C*C*C.C.*.*.C*C*C**.C.****C**.*C*C..C**.C..C**C.C*C.*C.C**C*C*C*C*C***C**.C.C*C.**C**C*C.C.C*.C*.C..C***C.C***C.***C.C*.*C.*C.C**.*.C.C.*C*C.C.**C*.*.C*C.C*C.***.C*C*C.C.****C***C*C.*..C**C*.C.C..C.C.*.C.***.**C*C**C**.C.C***.C.*.C.*C..C*C***C.*.*.*.**C*C*C.C*.C*.C.C**.C**.C.C.C.C.C*C..C.C.C.**C.**C.C*C*C.C*.C*C.C**.C.C*.C**C.C.C***C.C.*C.C*C.*C.C*C.***.C*.C*.C*C.**C**.*.C.*C.C*C.*C.C*C*C*C.**C.C**.C.C******.C*C*C*C*C***.**C*C.**.C**C**.C.**.C.C.*.*.C*C**C.C.***C*C.*C
C.C.**C**..C*C**C.*C**C.**C.C*C.C.**C**.C*C.C.*C.C.***C.C*C***C**C.*C.**C.C*C.C.C*C.C.C*C.C.****C.**C*C*C***C**.C.C.**C.**C.C.*.C*C*C*C***C.*.**C.C**C**C.C.C**.*.C.C*C*C.**C.*.***C*C.C.C**.C****C.C.*C*C.C.C.C**C*C.C.*.C*C*.C*.C*C.C.**C**.C.C.C*C..C*C.*C.*C..C*C.*.*C**C.C*C*C.C.***.C*C*C****C.C.C**C.C*C.C.**C*.C*****C*C**.C*.C.C*C****.**C.C.C*C***C.*.**C*C*C***C..C.*.***C.C.****.C.*C.*.*.C.C**.C.**C.*.C*C.C***C.*.**C*C.*C**.C.***C**..C***.*.*C.C.*C.*.C.C**.*.C.C****.C*C.**C*.C.C.C*.C..C.C*.C.C*C.*****C.C*C.*C**C*.C.C.C.*.C*C..C.C.*C****C*.C.C**.******C.**C.*.*.C.C.C.**.C*C..C**C***.C.C.C.*.**C*C.C*C.*C.**C.**C*.C.C.C*C.**C*C.*C*.C.C*C*C*C.C.C*C.*.*.C*C.C.*.C*C*C.*.C*C.C.*C.C.**C.*.C.C****.C.C.*C**.C.**C*C***.C..*.C**C*.C***.C.C.C.*C.C.C*C.C.*C.C*.**C*C.*.C*C.**.C.C.C..C.C.C***C*C.C*C.C.C*C.**C**.C.C*C.C****C*C.**C****C**C***C*C*.C*.C*C.**.***C..***.C.*.*
.*.C.C.C*C*.C*C.***.C.*C*C.C*C.***.C*C*C.****C*.C.C*C..*.C*C*C.C.*.C**C**C**.C.*.**C.C*C.C***C**.C**.*.C***C.C******.C.C*C.C.C*C.C.**C.C.C*C*C.C.C**C***.C*C*C**C..**C.C.C.C.C.C.C****.*C***C.C.C.*C******C.***..C*C**.**C.C**C****C.***.C.C.**C.C*C.C..C.C**C*.*C.**C.C*.C.****.C*C**.C.C.C*C*****.C*..C*.C.*.*.C.C**C*.C*C.*C.C.C.*C.**C***C*C*C.C*C*C.**C*C**.C**.C.C.C*C*.C.C..C.**C.*C.C.C**C.**C.*.C*C.C.C***C*C.C.*.C.C*C.C*C.*..C.C*C**C*C*C.*.C*C.C**C*C*.C.C.C.C**.C***C*C***C.*C**.C.C****C*.C.C*C*.C*C.*.C..C**.C.***C.*.*.C*C.C.**C.C.*C..C.*C.**C**C*C*C.***.C.*.C.C.C.*.C**.C.*C.C.C.***.C..C***C*C*C.C.C.C**.*C.****C.C**C.C**.C.C*C.*.***.C*C*C*C**.*.C*C.C*C****.C**C**C.***C*.C***C.**.**C*C.*.C*****C******C*C.*C..C*C..C.C.C*.*C.*C.C.C.*C**.C..*.C***C.C.****C.*.C.*.C*C*.C*C*C.*.C*.C.C*C****.C.C.C*C.C.C.**C.C*C**.*.C**C.C*C.**.C.C*C*.C*C.**.C**C*C*C.**C****C.C.C.**C*
C*C.C.C.C**C**.C.***.C*.C.C.C***.C.**.C.C.*C***C**.C*C.**.C*C.C.*****C.*C*C.C***C.C********C***.C.*C.*C..C*.C*C*****C*C**.**C**.*.*C..C*C.C.*.C.*.*C.*C***C*C.***C.C*.C***C*C*C*C.C*C*C*.C*C*C.C.C..*.C***.****C**C.C.*C*.C.*C..C.*.***.**C.C*C*C.C*C..C.**.C**C.*C.C.C.C.*C.C.C**C***C*C*C.C.C**C.*.*C.*.C****.C*C****C**C.*C.**C*C.**C**C***C**.C.C.C*C.C*C***C***C.**C.**C.*C*C..C.C.*C*C*C..C.C.C.**C.C***C*C.C.*.****C*C*C.C.C*C.C**C.**.C.C.C.C****.*.C*.C..C*C*C.C.C.C.C**.*.C****C.C*C*C.C****.C*C*C.*C.**C*C**C.C.C.*C.C*C*C**.C*C**C**C.C**.C.C*.C.*.****.**C**C**C*C*C.C.C.C.C***C*.C.C.C.*C*.C.*C*C*C*C.C.C.C.*C*C*.C.C.*C**C.C*C.C.*.C.C*****C***C.*.*C*.C.C.C.C.*C**C.C..C***C.C.***C*C.*C.C*C.C*C*C.*C***.C*C*.*.C.C..C*.C**C*C*C*.C*.C.*C*C***.C*C*C*.C.C.*.C*C.C*C*C.C***C****C*C.C.C*C.C*.C*C.C.***.C.*.C.*.C*C*C.C.C..C..C.**.C.C*C.******.*C*C*C**C****C.C.C.C.C*.*.C*C*C.C*C
**.*.C**.*C**.C*C.**C*.C*C.*.*C.C*C**C.C**C.C.C.C**.C*C**C.C.**C.***C..C***C*.C******C.*C*C**C*C.C*.C*.*C*C..***C*C**C.C*C***C.C*C.*C*.*.C.******C***C.C.*.C*.C.C*C.C*.C*C.C.*.C***C****C.C*C*C*C*C*.C*C..C.*.C.C..***C..**C*.*C.**C.C*C*C*C.C.C.C.C**C*C*.***C.C*.C.C.C.C**..C*.C.**C.C.*.C.C.C.*C*C**C**.C**.C*C.***.*.*.C.**C.***C.C*.C*C*C..C*.C.*.C.*.**.C*.C.C.*.C*C.C.C.***C*.C*C..C.C***.C*C*C*C.C.C*C*C*C.***.C.C***C.C.C.C**.C.*.*.C.C.***.****C.C.*.*.C**.C.C****.C.C*C.C.C***.*.C*****C.C.C.C.***C.C.*.C..C.C.*.C**C***C*C**.**C..C*.C.C*C****C.C*C*.C.C.C.C.*.*.C**.C.*.*.*.C.C**C.C*C.C*..C.C*.C.C.C.C.C*C**.*.*.C.C.C**.**C.C.*.*.C.*.***C***C*.C*C***C*C.C*******C.C*C*.C.C.***C.**C*C.*C*C*****C*C*.*C*C.C.*C*C.C**C.C.*C.*C*C**C**C.C..****C**..C*.C.C*C.C.****C.C*C.*.C.C.***..C.**C*C****C.C.**C.C.C.**C.C.**C.C.*.*C.C*.C.C******C***.C**C**.C*C*..C.C.*.C*C.C**C.C*C*C**.C.
C*C*C*C*****.C.C.C.C*C****.C**.C.C.*C.**C*.C.*.C.C.C.C*.C*C*C.C****C.C**C.C.*C.C**C.***C*****.C.C**C**.C.C*C**C.*C**C***C.C.****C.C**C*.C*C.C*C.C.C.C.**C.*.*C.C*C***.C*C.**C.*.C***C.*C.C.C.**C.C.C**C.*C*C.C.C.C.*.C**C*C.*C**C.C*C.*.C***C**.C.*.*C*C.*C*C..C.C.*C*C**.C.C**C***C*.C*C*C.**C**..C**C.C.C***C*C*C.**C*C.C.C.C*C***.C**C.*.C.*C.C****C.C.C**C.C..C.**C.C*C*C******.*.C*C.******C.C.**C.**C.C.C.C.C**.C**.**C.C*C.C.C.C***C*C.C.**C*C.**C*C.C*C**.C***C***C.C.**C.C.*..C*C*C.**.C*.*.***.C.***C.**C**C*C*C.*.*C.C*C.*.C*C.*.C***C.C.C.C.C..C.C.C**C.C*C*C*C**.C*C.C*C*C.C.C****C*.**.C.C.C*.C**.**C.C.C.C*C.C.C*C*C*C.C.C**.C.C*C*.C*C.C*C****C***C.C*C.*.C*******C.C.*C.C.C.C..C.C.C*C.***C**C.****.C.**C*.C.C.C..C.**C*.*C*.*.C**C.C.C.***C.C*C**.**C**.***.***.C*C**C*.C.C.C*C*.C**.C.*C*C.C.C*C*C.C.C.*.C*C.**C***C.*C****C.C*C.C**C****C*.**C.C*C.C.C*C***C*C.C.***C*C*C.C*C
.C.*.*..C.*.C*C*C.C**.C*C.C**C.*C**C.C*C..C***C*C.C.C**C.C****..C***C.**.C***.C.*C.**C..C*C.*C****C.C*C.C.*..C.***.*.C.C.C.C*C.C.C*C..***C.C****.**C.C*C.C*C***.C.C*C.***C*C.**C.C.*.C.*C*C*C**.C***C****.C.**C.*.C.C*.C***C.********C*C*C**.*C.*.C.C*C**C.C.*C***C.*C.**C.***C.C.C*.*.C*C.**C**.C***C.*.*.C.*.C*C**.**C*C.*.C.C..C*C****C**.*C.C..C***C.C.C**C.C.*C.**C.C.*.*****.C*C.**C*C.C.*.C*C.C**.C**.*.*.C*C.*.*.C****.**C.C.C.C.**C*C*C.**C.C.*.C.C.**C*C.***.*C..C.*C*.*****C.*.**C..C**C.C*C.C*C**C.*.**C..C***C.C*.C*C*C.C*C.C*C.C.C.C.*.C*C.*C.C.*.C**C.C*C*C*C*C.*.C.C*C*C.C.C.C.**C.*C*C*C*.C*C*C.C.***.C.C.C*C.**C*C**.C*C.C.C*C*.C.C.C*C.*C.C.C.C.*.*.C*C.C.C.C.C****C****.C.C**C***C.C..C.***.C*C.C.C.C.C****C**C..C.**C**.C.C.C**..C.C.C***.C.**C*C.*C*C*.C*C.*.*.*C.*C*C*C.C*C.*.C**.C**.C***C*****C.*.C.C*.C**C**.C*.C*C*.*.C**.*C.***C.*C*.*.*C*C.C*C*C*C*C.**C*.C*C.*****.
C*C.*C.C.C*C*C*C.C..C*.C**..C*C..C**C*C..C**.C.C**.C.C.*C.***C*C.C.C**.C*.**.C******C.*C***C*.*C*C*****C***C.*C.C.C.C.C.C*C.C.*.C.C..C*C******C.*****.*.*.C.C*C.*C.C*C*.C*C*C*C.C.C*C*C*.C*C.*.C.*C*.C***C*.*C.C.C*C..C*C.C**C*.C*C**.**C.C*C.*C*C.C*C.*C.**.C.C*C*C***.C*C.**.C****C*C.*.C.C.C*C*C.C.C.C.C.C*C**.*.C.C***C.C.C.*C.**C*C*..C.C.C.*C.C.*.C.C*C..C*C**C.C***C.C*C*C*C.C.C.**C***C.****C.C.C.C.**C.C**.C.C.C*****C.*.***.C.C*C*C*C.C.*.C*C*C*C.C.C.C.*C..C**C***C**C*C.*C.C.C.C.C*.C**C.C.C*C.C*.C.C*C**C..C*.C*C.******.***.*.*.C.C*C.C.**C.*C*.C*.C*.C.*.C*C*C.C.*.C.C.*.**C*C.**C.C.***C*.C***C*C.C.C.C.C*C.**C**.*.*.C.C*C.C.***C.C***C*.C**.C.**C*C*C*C.C*C.C.C.C.**.C.C**.C*C..C.C.C..C*C.C.C*C.C.*.*.C.***C.*C.C**C*C*C*C.*.C*C.C**C*C***C.*C.*****C***.C*C.*C*C*C.C*.*.C.**C**.C.C****C*.C.**C.**C.**C**.*C.*C.C*C.C**C.**.C.C*C*.C.C.**C..C*C******C***C.C***C****C*C*C*C**
*C*.C.C.C.C.C.**C*.C**C.C.C*.C.C**.C.C..C**.C.C..C*.C*C**.C*C.C.**C.*.C*C.C*C.C..C*C.C.*C.C**C.*.**C.*C..C.*C..C.C*C.C.C.C*C***C*C**C***.C.*.C.C.*C*C.**.C.*.C.C..C*C..C.C.C.*.C*C.**C.C..C**.C.C.*C.*C*C..C**C.**C*C*.C.C.*C*.C.C*C.*.C*****C****C*C*C***C*C*C*C.C..C.C.C.C.*.*.C.C.C.C*C.C*C**.C*****C.C.**C.C.**C.C.*.*.C.**C.*C*C**.C.C.*.C*C*.C.C.C**.C*C**C**C*C*C.C.***.C.C*C.*.C**.C.C**.C.C.C.C.C.*.C*C*C.C.C*C**.C.C.C**.C***C.C.C.C.*.C.C.C.*.C.C*C.C**C.C**.C*C.C..C***.C.C.C.C.C.C..C**C.C*C.C..*.C**.**..C*C..C.C.C*C*.C.C.C*C.C*C*C*C**.C.C*.C***C..*.C.C.C.*.C.C.*.C.C*C*C*C*C*C*C.C.C.**C****.C*C.*.**C****.C***C****.C*C.**.C**.C***C**C.C.C.C.C.C.C*C.*.C.C**.****C..C*C.C.C.C****C.*C*C*C.C*C.*.C*C*C.***C****C..C*C.C*C.C.***.C.C..C.*C.*C.*C.C.*C**C*C.C*C..*.C.C..C.C*C.C.C*C.C***C.**C*C**.C.***.C.*C.C.C*.C**.**C.**C*C.C.C*C.*C.C*C**C.C*C.C**C..C..C*C*C*C.*C.*.C*C..C
*.*C.C**.*.C.**C*C**C**C.*.C**C*C.**C**C*C.C.C.*C.*C.*.C.C*C.C.**C.C*C.C*.**.C*C.**.C*.C.C******C*C.C..C*.C**C**C*C.C**.C.C.*.*.C.C**.C***C.C*C******C.*C*C.C.C.C**.*.C*C*C.C**.C*C.C.C.C*.C*C**.C*.C*.C.*C*C..*C**C****C.C**.**C.C***C*****C.*C**.C**.C.C.C*C.C.C..**C.C.**C*C*C*C.C***C**.C**.C**.C.C.**C.C.C.**C*C*C*C*C.*.**C******C.C.C.C.C.C****C*C.C.*.*C.C*.C.**C.****C*C.*.**C*C.*.C**C*.C*C***C.C*C*C.C*C.C.C.**C.C*C**C.**C**C.C*C.*.C.C*C.**C.C.*.C*****.C*C.**C*C**.C*C***C.C**.C*C**.C*C.**.**C*C*C.C..C*.C**C.***.C.**.C*C**.C.C.C.C.C*C*C.C*.C***.C***C.C*C**.C***C*C***C.*.*.**C.C.C*C.C.C.C.C.C.C.C*C*C.C.C..C*.**C.C.C.*C.C*C.C***C.C.***C**.**C.*.C***C.C.C.C.C.***C.**..C***C.C*.C*.C.C**.C*********.*C...C*C..C.****C.C*C*C*C.C.*C*C*.C**C*.C.C.**C.C.C.C.*C*C*C*C*.C*C*C***C***C.C.C.C*C.**C.C.C******C*C****C.C*C.*C*.C.C**.*.C.**.C.*C.C.C***C.**C***.C.**C.C.*C*C**..C*
*.C.C.**C.C**C..C**C.**.C.C.*C*C.**C.**.C*C*C*C*.*C*C*C.***.C.C**.C.C*.**C.*C*.*C**C..C.C.*C*C.C.C*C****.C**C.C*.C*C.**C.*.C.C.C*C.C.C*C*****C*C*C*C**C.***C*C**.C.C.C.*.C***C*C*C**.C.C.C.***C*C.****C**C*C.*C.**C*******.*.C**.C***C*C*C.*.****C**C.C**.C.******.C**.C*C.C.C.C.C.*.C.***C*.**C****.C.C*C***C..C*.C*C.C.C.C*C.C.C*C***.*.C.*.C..*.C.*.**C.C.C**C******C.**C.C**.C.C.C.C**.C.*C.*C*C**C*.C.C.C.C.******C.C**.C*C.*C*C**C.C**.C.C.C****.C.C*C.C.C.C.*C*.*C.C***.*C.C***C.****C.C*C.C.C.C.*C*C.*.C.C.*C..C.C***C*C.**C.C.C***C.*.C.*.C*C.C****C**C.C.C.C*C*C.C.*.C.C.C*C**.C.C.***.C.****C.C*C.*.****C.C.C.C.C*.C****C.C***.C*C**.C***C*C.C.C***C.C*****.C*C*C.C.C.*.C*****C.C..C*C.*.C***C.C***C.C.C***.C.C.*C*C.C..C.C.C*C*C.**C.C.C**.***.C**C..C.C.**C.C*C.**C.**.C.C.**.*.**C.C.*.C.C*C*C*C*C.C*C*C*.C****.C..C*C.C.C**C.*C.C.C*C.C.C*C.*C*.C.C.C.*.C.*.C**C*C.C*C.C**C*.C*C**
.C.C*.C.*.*.*.C****.C..C*C.C***.C*C**C*C..*C*C.*C**C.C*C.***.C.*C.****C*C.C**.C.**C.*C*C*C**C*C***C.C**.C.***C*.C.**C.*.C*C.C.**C.C.*.*.C****.C.*.**C*.C*C*.C.C.*.*.C.C*C*C.C*C*C.***.*.C.C****.*C*****.C*C.C*.C.C***C.*C.**C**C..C*C.C**.C.*C.C*.C******.*C.C*.C.C.C.C.*.*.C*C**.C****C.*.C*.C.C.C*C.*.*.C.***C.C**C*C.C*****C.**C.C..C.C*C*C**C.C*C.*.C**.C****.C*****C.C.***.C.**C****.C.C**.C.*.*C.**.*.C.C.**.C.C..C.C.*.C.C***.C*.*.**C.C*C***C*C.C*C.**C.C.C.**C**.*.*.C*.**C*.****C.*C**.C.C*C.C**C**.C*C.*C.C.*C.*.C*C*C*C*C****C***C***C*.C.*..C.**C..C.C*C.*.*.C.C.C.C.C.C.*.C*C.***.C*C****.C*C.*.C*C*C****.*.C**C.C**C.C.**.C****.C****.C*.*C.*.C*C.C*.C.**C**.*.C**.C.C*C**.C*C*.**C*C*C*C.****C*C.C..C.C.*.C.*..C*C.*C.C*C*C.*.C.*.C.C*C.C***C.*.C.C*C***C.**C.**C*C*.C.*C*C**.C.C.C*C.C.C.C.C*C.*.**C.*C.C.*.C.C**C.C*C*C.**C****.*.C*C*C*C***C.C*C.*.C.C.C***.C..*****.*.*C*C.C.
C****C**.C.C.*.C.C.C**C.C*C.C*.C.C.C**C.*C*.C.C.*.C.C.C.C**C****.C*C*C.******C.C*C.C*.C*C..C****.C*C.C.C*C.C*.*C.C**.C.*******C.*C.C.**C*C**.C.C.C.C**C*.**C.C.C*C*C********.*.C*C.C*C.**C.*.C*C***C.*.C**.***C**.C*C.C..C.C.C.*C**C*C.**C*****..C*C.*.**C*****C*C.C.**C.C.C.*.C.C.***C.C.C..C**.C.*.**C*C.*C.C*C.*C.C.*.**C.C**.C.C.*C***C.C.C.*C.**C.C*C*C.C***C.C.C*C.**C*C.C*.C**.C***.C.C***C.C.*C*.C.C*C**C.C.C*C.***C*C.**C.*C.C*C.C***.C*.C*.**C.C*C**.C.C*C.**C.C.C.C.*C.C**C.C.C.**.C*C.C*.*C*C**C.C**.C**C.C**C.C*C******.C.*C..C**C*C..*.C.*C*C.C.C****C***C.*.C.***.***.**C.C*C*C*C.C.*C**C**.C.C****..C.C..C**C**.*C*C..C*C.C.C*C*.C.C.**C**C.C*C*C.***C.C*C**.C*C*C.C.C**C**C**C.C.***.C.C.*.C*C*C*.C*C*C*C*C*C*.C.C**C.**C.C*C**.C.C***C.C.C.**C*C.C.C.C.C.C.C.**C..C**C*C.*C***.C.*.*.**C*C****.**C*C*.C*C.C*C*.C.*.**C.*C**C*.C..C.C.C.*..C.**.***C**C.C***C.*.C.C*C*C*.C*C.C*C
.C**C.C*C*C*C*C*C.*.C**C.*.C..C***C.*.**C.*.***C.C.C*C*C.*C..C**C.C*C*C.C.C*C.C**.C*.C.C*.C*C.*.C*C*C.C.C*C.*C.*C.C.C*C.C***.C.C**C**.C.C.C*C.C*C*C.*C**C*C.C*******C**C.C*C**C**.C*C.C*C*C**.C.C*C.*.C*C.C.C.*.*C*C.C*C..C*C*C..C*.C**C**.C.C*C*.C.C.C*C.C.C.C.C.C.**C*C**.C.C.C.C*.C***C*.***.C.C.C.C.***C.C.*****C*C.**C.***.C.C*C.*C*C.C.C*C**C.C.C.**C*C*C*C**.C*C.*.C.C*C.*C.C*C.C***.*.*.C.C**C..C**.C.*.***C**.C.**.C.C.C**C.C*C*C..C*C.*C.**C**C*C.C**.C*C.C.C*C.C.C*C..C*C..C*C**C**.C..*.C.*C.*C.C.******.C**C.C.C.*.C.C.C.*C*.C****C**C**.C..C***C.****.C*C.*.C*C****C*C**C.C*C.C*C.C**C*C*.C*C.***C.C.C*C.C**.C*C*C..*..C.C.**C..*****.C.C**C.C.C.C*C.C******C.C*C**.C.C.*C**C.*C*C*****C*C*C*C.C.C****C*C.C.C.C.C**C.*C.*.C*C.**C***C.C.C.C.C.*.C.C****.C.*.C.*.C*C..C**C*C*C.**C**.C*C*C.*.*.C*C*C*C.*.*C*C.C*C.****C*C**C.***.*C*C*.C*C.C.*C.C.C*C.C.*C.C.******C.C.C*C**C.C..*C*
C.**.C**.C.C*C*C*C.C**C*C.C.*******C.C.*.*.C.C..C.***.C.C.**C*C***.*.C*C.C.C*C.*.C.*C.C..C.C*C*C.C.C*C*C.C*.C*C.*******C..C.C*.***.*C*.*.C*C*C**.C.C**C**C*****.C.C***C*C**.***C.*.C.C.C.*.*.C.C*C***C.*.C*C*C.C**C.**C*C**C.C.*C..**C..C.C.C.C*C.*C.C.***.*.**C.C*C.C.C**.C*****C**C*.****C**.C*C*C***C*C..C.C.C.**.C**C*.****C.*.C.C.*C.C.**C.*C.C*C.C*C*C.**C.*.C.*.**C.*.C..C.C.C*C**C*C.C*C***C***C.**C*C*C*C****C*C.***C.*..C.C.***.****.*C.C.C..C.*.C.*.*.C*C.C.C.C.C*C.C*.C.C*.C.***C.C..C*C.C***C.C.C.*C.C***.**C*C.C*C.C.C.C.**C*C*C..C*.C.C***.C***.C.*.*.**C*C.*****C*C..C*C*C*C.*.**C.*C.*C.*.C*****.*.C.C*.*C**.C.C***C***C*C..C.C*C.C.C.*C.C**.C.C.*..C*C.C**.C.*.C.C.C***C.**.**C*C.C.C.**C.C.*****C***C*C*C.C**C..C****.C.**C*C*C*C***C.C**.C*C*C**C*.C*C.*C**C..C*.C.C.**C**.**C.*.***.C.C.C.*.**C*C..C*C*C**C**..C.C*.C.C*C*.C.C**C*C.**.C.C*C.*.*C*C**C..C*C.C.**C**C.C*.C*.C
.C*.C.C.C.**C.C.C.C**C.C*C*C.C*C**C*C.C.C*C.C.*C***C*.*C.C.C.C.C.C..C.*.*.C.C**.C.C***..C*C*C*C.**C.*.C*C**C.C.C***C****.C**.*C*C.C.*.C***C**.C.C.C.C***C*C*C*.C.C*C.C.*.**C*C***.C***C*C.*.C.C.C.C.C.C.C***C.C*C..C.C*C.C.*C**C.*C.*.C****..C**.C**C*C.*.C.***.C.C.C.*.C*C**.C.C**C..C.*.C.C.C**.C.C.C.*.C**C.C*C*C**C..C.C**C.*.C*C***.C***..C*.**C*C.*.C.C*C.C.C****.***.***C.*.**C.C*.C.C.C*C*C*C.C*C*C**.**C.C****C.C.C.**C.C*C*C*C*C.C..C**C*C**C.*.**C*C*C.C***C*C.C.C.*.C*.C**C*C.C*****C*C.C.C***C.C**C.**C**C.C.*.****C*C.C.C*C.C.*.C.*.C*C.C*C*.C**C.C*C*C.C.***.C*.C**.*C**.C.C**.**C.*.*C*.C.*.*C***C*C****C***C..C..**.C.C*C..C**.**C*C.C*.C.*.C.C.C.C..C.C*C.C*.C*.*.C.C*C..C.C.C.***.C.*****.C*.C.C.*C**C.*.C.*C.**.C*C***.C*.C.*.C**.C.C**.**C.C.*C..C**.C**C***C.C*.C*C*C.C.*C.**.C*C.C.C.**C*C*C.C.C..*.**.C.C.C..C*C*.C.C**C*C.C**C****C.C*C*C.C*.C.***C***.C**.C*C*.C*.C*C**
C..**C*C.C.***.*.C.C..*.C.C.C***.C.*.C.C*C.C*C*.C*C.*C.******.*.**C..C**.C*C.C.C*C.*C*C*.C.*.C.***.*C**C***.C.C*C.C.C.C*C*C.C..C.**C*C*C***C*C**.C**.***.C.C..C*C.*.*.C.C.C**.C*C..C***C**.C*C*C.C*C*C.C.C.*****.C.***C.**C*..C..C*C*C**.C*C*.C*C.*C*C*C.C*C.C.**C.C**C*.*.**C***C.**C*C**.*.C.C*C*C*C..C.*.C.C.****C***C**.C**C**.C.C.C.**C.C.****C.*.*C*.C.*.*.C.C.C.C*C.C*C**C.C.C.C*C*.C.C.****C.*.C.C.C.**C*C**C.*.C*C.C*C.C.C.C**.C.C*C**C****.**C.C*C*C.C.C*C.C.C.C.C.*C.*.C..C**.*.**C***C.C.C.C.***.*C..C*.C.*C.***.C******.C.C.C.C.**C*C.**C**.*.*.C***C.C*C.C.**C**C***C..C*C.C.C.C.C.C*C.*.C.C.C*.C***C.**.C.C*C**C.*C.C..C****C*C.C.C.*.**C..C*C**.C.C.C**C****.*C**C*C*C***.C.C*C.**C*C..C.*.C..C*.C*C**C*.C.C*C.*C*C..C*.C.C*.C.C*C.C.C****.C.C.C*C.*.*.C.C.C***.C***.C.*.C*C.*C*C.*C*C**.****C.**C.C.C.*C*C..C*C.C.C..C.***C.*C*C.C.C*.*C.C.C*C**.C*.C.**C**C.C***.C*C.C.**C.*.*.
**C.C***C.**C*C.*.C**C*C***C*.C.C.C***C.C*C.C***.C*.C*C.C*C**C.C.C*C**C.**C.C.C.C**C.C*C.*C.C.*.C.*.*.C.C.C.*C.C.**C.C...C.C.C*****.C.C.C.***.C.C.C.*.C.C.C..C*C.C.C.C*C.*.**C.C*C.*C.*.*C*****.C.C*C****.C***C.C**C****C.***C*C***.*.C*C.**C..C.C..*.C.C.C***C*C*C**C*.**C*C*C.C.C.*.C.**C.C*C*C.C.C*.C.C.C*C*C*C*C.*C.*.C.*.C*C.*.*.C*C*C***C**C.*C.C.***.**C**.C**.C***C.C**C*C.C**.C.*C.C*C***C.C.C.*.C.C*C.C.C..C.C.***.C.**C.C*C*.**.C.*C.C.C*C.C*C.C.C.C.C.**C*C.C*C*C.*C.C**C.C*C.C.*.*.C.**C**.*.C.C.***.C.*C*.***.C.C*C.C.C*C***C**.C*C**.C**.C*C.C.C.C**.C.C.**C.*C*C.C.C..**C.C*C*C.C*C.C*C.**C**C*C.C.*C.**C***C**C****C.*C**C*C.**C**.C.*.C*.C**C.*C*C..C.C**C.C.*C**.C.C.*C*C.C.**C*C**C.C.C*C**.C.C**C.C..C*C.C*.C.C.*.C.*.C**C.C.C.**C*C.C***C*C.C*C.C.C.C*C*.C*C*.*.C**.**.C.C*C.**.C.C.**C*C.*.****C*.C*C*.C**.**C***C.C*C***.C.****C*C.C*****C.*C*C.C*C**C*.C**.*.*.*.C*C*C.C
*C*C.*.C.C.C.C**C*.C.*C.*C.*C***.C.C.C.**C.C.C.C**.*.C.C.**C**C.C.C*C.**C*.C.C.C.C**C.C.C*.**C.*.C*C.C.C.C.*C.C***..C*.C**C.C*C.C*C**C*****C.C*C**.C.C*C*C..C*C...C***C***C*C.C***C**C.*C.C.C.C*.C.C.C***C.*.C.C*.C.*C.C.C.C*.C**C*C.C*****C*C*.C*C*.C.C*C*C*C**.*****.C*C.C*C.C.C.C*C**.C*C.C*C**.C..C.C***C*C***C.C*.C.C.C.C***C*C.**C.C*C.C***.C*.C*C*C.C*C.**C.**C**C.*C.***C.****C.C****C.C**.C.C.C*C**.C.**C**C*C.*C*C.*C.C.C.C**C*C**C**C*C.C.C.*.C.C.*.C.*.C.C*C*C.C*C**C**C.*.C.C*C.C.***.C*C.C*C.C*C*C*C*C.*.C*.C.*C.C.C.C*C*C.C.C.*.C.**C.C.**C.***.**C*C.C*C.*.C*.C..*C*C**C.**C.C*C.C.C.C.C.**C.**.*.C.*C*C**.C.C.**C.**C..C**C*C**.C.C*C*C.C**C***C*C..C*C.*C.**.**C.C.C..C**.*.*.C*C.*C.C.*.C*C***C**C.*.C***.****.C*C*C.C*C***.C.*.C.C*C*C**.*.*.C***C.C.*****C*C**C*C.C.C.*C.C*C.C***.C*C**.C.*C.C**C*C.*C**C.C*C.C.C*C.C**.***C.*C*C..C.C*C*C.C**C**.C.*..C**C.C.C.C*C.C.C*C.C*
C*C.C.C*C.C*C.C**C.***..C.*.**C*C.C*C***C.C.C.C.C.C*C.*.C*C*C***.C.C*C.C***.C.C.C***.C.C***.*.**C.**C.C.C.C.*C*.**C**.C.C**..C.C..*.C.*C*C**C.C.**C.C.**C*.C*C.*C***C***C*.C.C.**C.C***C.**C***C****C.C.C**C**C**C****C.C.*.*C.**.C*C.***.**C.C*.C.C**C.C.C*C.C.*.C*C*C*C.****C.C.C.C.*C**C*C**.***.*C.C.C*C**.****C.*****C*C.****C.C.*.**C*C.C**C*.C.C.C.C.C***C***C..C.C.**C.****.C.*C.***C.C.*C*.**C.**C.*.C*C***.C*C**C.***C..***C*.C.C*.*C.*.C.**C*C***C*C*C*C.C.C.C.*******C..*****.****C.**C*C*C***C****.C*C*C.C*.C*C*.C*C**.C.**C*C.*.C*C.C**.*****C**C*C*C.C.C.C.C*C**.C..C.C*..C**C.C**.*****.C.C.C..C*C.C*.C*C.C*C.****C.C*C*.C*.*.*.C.C.C.**C..C.*C**C.****..C***.C.C*C*C**C.C.C*C.C*C..****C**.C.C*C**C.**C*C*.*.C*C..C*C.C*C.C.*C***C*C.C*C.C*C*C.C*C.**C.*.C**C.C.C.***C*C.***C.C*C.*C***C***C*C..C***.**C*.C..C**.**C.C*C.C.C.C*****C***.*.*.C.C.C.***C*C..C**C.C.*****.C.C.C**.*
.C**.****C.C*C.*C.C*C*C*.C.C**.C.*.*.C.C.C*C.*.C**.*.C.C.C.C.*C*C*C.***.*C.C*C**.C.C*****C*C.C***C.C**.**C.C.**C.C.C.C**.C.C..C**C.C.C.*.*.****C.C.C.**C**C***.C.C***C**.*C.C**.C*C..C.****.C.*****C.C*C.C**.C.C...C.C**.**C.*.**C*C.C.C*C**.***C*C.C**C.C**.C*C.C.*.C.***.C.C.***.C.C.*C*.C.C.C*C.C*.C.C***C.C***C**C*C*C.****C*C*C*C.C**.*.C.C***C*C*C*C**.*.C.C.***C*C.C.C.C*C.***C**.*C..C.*.**C*C*C****C..*.C.C..C*.C*.C*C**C.C.*****.*C..C********.C.C*C*C.C.C**.C**.C*C.C**C.*C.C*C*C.C*C.C.**C.***.C.*C**C*C*C**C****C***C*C*C.C.*.C***C.***.C*C***.C***.***.C.C.C**.C.C*C*.C.C*C**C*C.C*C*C*C*C.C.C..C.C*C.C*.**C*C.C*C**.C.*****.C*C.C.C.**C.*.*C**C**.*.C.**.C*.C*C.C.C**.C**C***C.C.C.*C*C*C.*.C.****C*.C*C.***C.C.C*C.*C.C.****C*.C*C*C.*.**C**.C*C*C.*C*.C*C.C**C.*.C*C.***C*.C*C.***C**.C.C*C*C.**.*.C*.C.C**C.***C*C.C.C.*.C.*.C.**C***.C.C**.C.**C*.C.C.*C***.C**C***.C.C**.C**C
C.***.C*****C**C.***.C**C*C*****C.*.C*C.C.*.C.**C.C*C****.C..C.*.C.*C.*C.*C*C**C**C*C**.C.C*C*C**.C.**C*C*C.C.C.C*C*****C.C.C*.C*.C*C***C.C.C*C.C*C.C.C*C.*.C*C.C.*C..C..C*C*C*C.C**C*C*C*C*.C.**.*.C.*.C*C**.C**C***.C*C*C.C.C*C.C.C.C*C.*.C**C.C.C.****..C*.C**.C.*.*.*.C*C**.C.*.C***.C.**.C.C*C..C*C.C.*.C.**C..C.*.**C.C.C*C.C.C******.C.C.***.**C.C**.*.*.**C.C.**.**C.****C*C.***C**C*.C*C***C.C.*.*.*C*.C.C.*C.C***C****C.C*C.C.C****C.*C.C.*.C.C*C.**C.C*C.C.C.C*****C**C.C.*C.**C*C*C.C**C*.*C**C*C*..C***C*C**.C**.C**.*.C.**.C**C.C.**C.C***.C.C..C.C*C.*.C.C.C.C*****.C.**C.C.*C.C.C.C*C.*.C.C**C.********.C*C.*.C.*C**C.****C.***.**C*C*C.*C..*.**C.C*C**C****C.***.C.C.C*.C.***.C*C.*C*C.C*C**C*********.C*C.*.C.C.*C*C**C*C**.C****.C.C.**C.*.**C.C**.C.C.C.C.*.*C*C.C***.*C.C**.C**C*C*C.*.*.C.*C.C*C*.C**C.C.C**C****.*.C.*.C**.C*.C*C.*.C.C***C.*C*C.*C*C.C.*.C..C.C.*.C.C*C**
*C*.C*.C*C*C*.C.C.C.C.****.C.*C*.C***C.***.*.C.*.*.C***C.C**C.*C.*.C*C**C*.*.***.C*C**C***.**C.C.C.C.*.*.C.C*C.C*C*C.C*C.C*C*C.**C.*.C*C.C*C.C.C.C.C.C.C.*.C*C*C*.C*C.**C*C.C.C.C*C*.C.C*C**C*C*.C***C*****C.C.*C*.C**.C****.C**.C.*.C*C.C.C.**.C.C**C.**.C**C.*.C*C.C*C.**C.*.C.C.*.C**C*C**C.C**.*C*C.C.C*C*.C**.C.C**C**C.C.*.C.C.**C**.C**.C.C**C**C.**C*C.C.*.***C.C**.C**.C*C.C*****C**C*C.C.**C.C.C.C***C.*****C*C.**C*C**C.C.**C*.C.**C**C*C.C.*.******C.C.*.C******.C**C*C.C**C.*.C.**C.**.C.C..C.*..C..C*C.*.**C*C*C*C.C.C.*C.C*C**C*C.*.**C**C*C*.C*C.C**.**C.C.***.C*.C.*C..C*C*.*.C.C*C**.C**.*.*C..C**C.C.**.C**.C..C**C.**C.C***C.C.C*C*C***C.***.**C.*.*.C*C*C*C*C.**C..C*C.C.C.C*C***.C******C.***C.C*C.*.*C**C**C.C..C*C.*.C.C*C*C.*.C*C.C*C.****C.C.*.C.**C*C**C...C..C*.C***C.C*.C.**C.**C*.C.C.C.*C*C*.C.C**C.C.C*C.C.**C***C**C.C.C.C*C.**C*C*.*.C***.C.C*C.C****C.C.C.*.C.
C..C**C*C.C..C.C.C**.C*.*.C*C***C.C.***.C.C.C*C.C*C.C.C.C..C*C.**C*.C*.C**C**.C*C**.***C.C*C**C*C.**C.C****.*.C****.**C**.**C*C**.C.C.C.C.*.*.*.*.*.**C.C*C.C*C..C.C.C**.*.C.C.C..**C*C**.C*****C***C.C*C***C.**.C***.C*C**C*.***.C.*.C.**C.*.C*.C.C**C.*C**C.C.C.*.C***C*C.C*C*C.C.C.C..**C**C.*C.**C*C.*.*.C.*C.C***C.*C.**.*C.*C.C.C.*.C.C*C*C***.****.C.C*C*C*C*C*.C*C.**C*C.C.**.C.*C*.C.****C.C.C**.C.C.C.C.C.C*.C*C.**C.C*.*.C*C*.C*C*C**C.C.C.C**.C**C*.C..C**C*C.C.C*C**C*C.*C.**C.C.*.C**.***.C.C**C*C*.**C.*C*.*.C.C.C.C.***C***.C.C*C*C*C.**.C*.C.C.C*C*C**.*.C.C*C.*C.C.*C*.C*.****C*C.*.C**.C.C**C**.C*C*C*****C***C.C*.C.******C*C.*.*.C.C.**C*C*C.C*C.C.**C.***.C**C...C.C.C.C***C.***C**.C*C**C.C*.C*C.C*C***C***.C..C.C.C.C.C.**C**.C*C**.*.C.C***C*C.**C**.C**C.*C**C*.C*.C*C..*.C.**C***C.*C*C*C*C*.C.*.***C*.C**.C*C*C*C**C*..C.C.*.C.C*.C*.C*C.*C.C.*C***C.**.C*C*C*C*C.C*C
.*C***.*.**.C.*.C.**C.*C*C.*.C**.C.C.C*C*C.C*C*C*C.C*C*C.*C***C.*.****C.C..C.*.***.C.C.*C***C**C.C.C*C.*.*C**C.*.C*C*C.*C*C**C.C*C.*.C.****C***C*C*C.*.C**.*.C.*C.C*C.*.C*C*C.C..C*C*C*C**.*.*C**C**.C.C**.C*C.C*.C**C.C.*.*.C*C**.C*C***C.C*C.*C.**C.***.C*.C.C***C*C**.C.C*****C.C*C**C*C.C**.C*C*C.**C.C.**C..****C.C.*C.C.C.C**C*C.C.C****.*.*C*C**C*C***C*C.C.C.***C.C.*.*.***C*C*C.*.C***C.C*C.C***C.C***C.*.C.C*.C.C.C.C..C****.*C*C.C.*C.**C***C***C**.C.*C.C*.*.C.C**.*C.C*.C**.C.C.C.C*C*C.*C..C.C**.**C*C**C.C**C.****C.*C*C****C**.*.**C*******C.C.*.C.C.*.C.C***C.C.*C*C***C.*C.C*C*C.C.C*C.C.C**C*C.C.*.C..C*****C*.C**C.C***C*C.**C***C**.***.C*C.**C*C.C.C.C.C.C.*C*C.C*C.**..C*C**C*C.C.***.C..C..C***C.C.C.C.C.C**.C*C*C*C*C**.C*C*C.C*C.C.C.*.C.C.**C.C**C*.C***C.*C**C.C**C**C*C*C.C.*.C.C*******.C*.C*C**C****C*C.*.C.C****C*C.C.C*C.C**C.*C*C*C.***.C.*.C.*C*C.C.*.C*C*C***
.C.C*C.*C..C*C*C*C.*.C*.C.C*C.*.C*****C*C.*.C.C.C.*.C.*.C..C.**C*C**.C***C*.*.C*C*C*C.**.C.C**C.**C*C.C*C.****C***C.*.***.*.C*C.C.C*C*.C**C.*.C.C.C*C.C*C*C.C.C**C*C.**C**.*.C**C.C.***.C***C**.*.C***C.*.C****.C.*.C.*.C*C*C*C.*C..C.*****.**C*****.C*C.*.C*.C.C.C.C.*.**C**C..C.C**.*C.C**.C*C***.**C..C.C*C*C.**.C.**C**C*C.C.***C*C**.C.C.**.C.C*C..**C.C.C*C*C.C.*C.*.C.C.C.C*.C**.C*C.*.C***C.C*C.C.C.*C*.C*C*******.C*.*.C.C.C.C***.C*.C.C.C**.C**C**C.****.C*.C*****C***.C**C.*C*.C.C*C.**C.C*.C*.C.C.C.*.C.C*.C**C*C**.C*C*.C..C.C.C.*.C.C.C***.C*.C.C*C.C.****C*.C**C.C**C*.***C*.*.C.C.C*C*C.**C.*C...C*C**.C.**C.C**C**.C**.*.C*C*C.****C**.C*C.**C.C*C.C.C***C***C.*C.C.*.C*.C*C.***C**C**.****C.C**C****C*C*C.***.**.C***.C.*.C*C*C.C.C*C*C*C***C***C***C.C*****C..C.*C.*.C.C**C*C*.C.**C.C**.C**.C*C**C.C*.***.*.*C*.C.C*C*C..C*C*C.**C*C****C*C..C.C*C.C*C.C.C*C*.C.*.C*C.**C*.C*
C.C.**C***C***C.C*C.C.*C.***.C*C.***.C.C.*.C***C.C**.C.C.***C**.C.C.C*****.C.C*C.C*C.**C**C***.*.C.****C*C*C.C.C*C*C*C.C*C*C.**C***C**C.**.C**.**C.***.C.C**.C*C*.C.*.C**.C.C..C*C.C**.C*C.C.C*C****C.*.C*.C*C.C.C.C.C.*.*.C.C**C*C**.C*C*.C**.C.*C.C.C.C.C.C..*.C*C**.C*C**C.C*.C*C********C..**C.C.**C.*C.C*C.C*.C*C.**C***.C.C*****.C.C.C.C*.C.C*C*C****C**.***.*****C.C*C*C***C*.**C*C*C.C.*.C*C.*.C***C..*C.C.C.C.C****.C*C.C*C*C.C*C*.**.C*C*C.*.***.C.C*C.C*.C.****C*.C.C.****C.*.C*C.C.C*C*C.*C.C**C*C.C.**C*.C.***C*C.**C.**.C.**.C***C*C*C**C*C.**.C**.C.C.C.C.*C**C.***C.*C*****C.C**.**C.*.C.C.C**.C*.C.C**.C.C*C*C**C***C*C.C.C***C*C*C*C.C*C*C.**C.**C**.C**.***.*C*****.**C***C.C**C*.C.C**C**C.C.*C**C.C.*.*.*.*C.C*.C.*.*.C.C.C**.C.C.C*C***C.C.C**C*.C**C.C*.*C.C*****.C.*C.****.*.C.C..C**C.***.*C**.C.C.*C.C***C.C.*.C..C**.C***C*C**C*C**.C*.C**.C.C.C.C.C*C*.C.*.**C.C.*C**
*C*C.*.**C*C*C.****C.*C*C*C.*.*.****C.C.C.***C*.C.C***C*.C*C.C*C*..C*.C.C*C*C.*.C.C.C.C.C***C.*C*.C**.**C.****C*C.C*C.*.C*C**.C.C.***C*C.C**C*C.C*C.C*C.***.******.C*C.C.C.C.C*.C.C*C*C*C*C.C.C****.*C*C*.C.*.*.*.****C****.C*.C.*.C.C*C*.C*C.C*.C*C.C...C.C*C*C*.C.C*C*C**C.C..C.C.C*C*.C.C.*C.*.C.C.C.C**C***C.*C.C**C**C.C*.C*.C*C.C*C.C.C.*C*C***C*C*.*.C.**C.C*C**C.C..**.C.C.C*C.**.*.**C.***.C.C***C**C*****.C*C.*C.*C*C**.*.C***C.*C*C*.*.*.**C*C.***.C.C.C*.C.C.**C**C.C*C.C*C*C*C.C**.C.C***.C.C**C*C.C*C..C**C*C.C*C.*.*C*C.C.C*.C**.C.C*C.*C*C.C**C.C.C**.**.C**C*C*.C.C.**.C*C.**C.C*C.C.C.*.C***C**.*C.C*C.C.C***.C.C***C.C*C.C*C**.C.C*C**.C.*.C*****C.C.C**C*C*C.*C*C*C*C.C*C.C.C*.C**C*C**C*.C.*.**C*C.*C*.C*C**.*.C*C*C.C.***.C.C****.*.*C**C.C.C.*C***C*C.**C.C*.C*C*C..C*.C**.C****.*C.C.**C.C*C.C*C**.C**C*****C**.***C*C*C**.C.C*.C.C*C*C****.C****C.****C..C***C*C.C.*C.C.
..C.C*C**.C**.C.C.C**C.*.C.C.C*C**C..*.C****C..C.**C*C..C*C.C.**.C**C*.C*****C.C.*.**C*C.*.C*C**.C*C.C*C.C*C.C.C.*.*.C.C*C*C.C*C.C***.C.C.C*.**C.*.C.*.C.C*C.**C**C***C.C.C.C*C**C.C*C.C.C*C*C.*.C.C*.C****C*C*C.C*C.C*.C.C***C.C*C.C.C.*C*C*C.*C*.*.*.C**C.**C.**.C.*.C*C*.C.*C**.C.C..C.C*.C.C.C*C.C.C****.*.*.*.C*.C*C***..C*C..C***C*C******C..*C*C..C*C.C.**C**.C*****C*C.*C.*.C.C**C.****C.*.**C.C.C.****C**.C.C.*C*C**C**C.C..****.C*C**C**.C.C**.C.**C.C.C.*C*C*C*.*.*.C.C*C*C*C.C.C*.C**C.C**C.**.**C****.*C*.C.*.C.C.C***.C*C***.C*C.*.C*C.C****C*.C*C**.*C.C.C**C*C..C*C*C.C**C.C.C.C*C.**C.**C**C*.C*C*.C****.C..C.C.C.C****.C*C.*.***.****C.C.C***C*C.***.C*C.*C*C..C.C*C*C*C*C.*.***C.**.****.C**C.C*C**.***.C.C.C*C.C.******.C*C*.*****C**C.**C.**C.C****C.**C.C*C*.*.*****C.*****C**.C.C*.*.C.C.C*****C***C..C.C***C*C*C**C.*.C*.*C**.C******C**C**C.C.C***C*********C**.C*.C.**C
C**C**.**C.C*C*C.C***.C.C.C*C.*.C**C*****C**.C.**.C***.C.C.C.*C*C**C*.*.C.**C*C**.C.C.*.*.C.*.C.C*C.C.C*C.C.C.*.**C.C.C.C.C*C.C.*.**C**C.C.*C.C.C*C**.*.*.C.C.C.*C.C*C.C*C*.**.C**C.*.*.C.*.C*.C**C**..C******C.C*C*C**C.C*C.C.C.C*C.C..*.C**.*.**C*C*C.C*.C*C**C.C***C***.C.C*.*.C.*.*C.C**C.C*C*C.****C.C.C*C*C**.*C***C*C.C.C.C.**.C.C.C.***.**C**C**C.C*C..C*.***.**C.C.C.C.*.C.***C*.C.C.C*C*C.C.*.C.*.C.C.*.C*C.C..C.******C*C***C*C.C..C.**C.C.C*C.C.**C****C.C.C..C.C*C.*.C*C*****C**C..C.C*****C*C*C*C**C**********C*C.*C.C.C.*.C.*C.C*C.C.C.C**C.*C.C.**C..C*C.C*.C.*C*C*C*C*.C.C*C.C*C*C*C*C*C**C.C*.C***..C*C..C**C*C.***.C.C**.C*C*C.C.**C.C.*.C*C**.*C**C*C*C.***.C.**C*C.*.**C***C**C.C**C.C*****C.C.C.*C*.C.C.C.****C**.**.C***.C*C*C.*.*.C****.C.**C.*C.*C..C*C.*C*C.*****C*C.C****C.C.*C*C.C.C..C.C*.C*C*C***.C.C.C****C*C*C**C*.C.C..C**C...C..C*C*C**C..C**C*C.****C..*C*C.C*
*C.***C*C.C*C.C.C.*C.***.**C*C*****.C*C.C*C*C.C**C*.C*C.C.C**C.***.**C.C***C*C.C.**C**.C***C.C.C.C.C.*.C*C.C.C.**C.C.*.C.C.C*C.C.C*C**C***C..C.*.C.C*C.C.C.C.C*.C**.C.*.C.*C*.C.C*.C*.C*.C.C**C*C*.C*C**C.C.C.**.C.C.**.C*C***C.C.**C.*C.C*C.**C.C.C.C.C.C.*C**C.C*C.*.**.C*C.C**C.***C.C.*C*****C**C.C**C***C**.C*C..C**.C*C*C**.C*.C**.*.*.C*C.C***.C.**.C.*C*.C.*.*C*.C**.C**.C*C.C.*.C.**C.C.C.C**.C.C*C*C.*.*.**C*.C**.C*****C****.C*C.*C**C.**.C*C*C*C.C.**C.*C..**C.C****.*.**C*C****C.C*.C.C.C.C*C.C.C..C..C*.C***C***.C****C*C*C.C*.C.C*C*C.*.C..C**C.*****C.**.*.C.*******C.C******C.*.C.C*C.C*C..C**C.*C*C**C*.C*C*.C.C*C.*.C**C****C.*.*.*.C.C****.C.C**.C****.C**.C.C.***.C*C.C.C.C.C*****C.**C.C.*.C.C..C.*C**.C.C.C.C.C*C**C.C.C***.C.C*C.***.C*C.*.C.**.C.*.C.C.*C*C*C.****.C.C**C.**C*C.****.C.C**C*C**C*C*.C*C*C.C*C.*C**.C.*C.*C.C..C*C**C*C.C.*C*C.*C.C**C.*C.C.C.C.C***.**.C
C*C**C.*.C*****C.C****C.*.C.C**.*.*C*C**.*.C*C.***.C.C.C.***C*C*C.C*C*C*C.*.**C.*.*.C*C*C.C.**C.C.**C.C.C*C.C.C.C.C*C****.C**.C.C.C.*C*C*C*C***C*.C***C.*.C.C**C*C.C***C*C***C**.C*.*C*.C**..C.C*C.*****.C*C.C.C..C*C*C****C*C*C.C****C.C***C.C*C*C.C.*.C***.C*.C.***C.C.C**.C..C*C.C..C**C.***C*.C*.C*.C.**C.*C..C**C**C..C.C*C*C**C***C.C.C.C.C.C.*C.C**C.C.*.C*C.C.*.C*C.**C*C******.C*C.*.*.C.***.C.***.*.**C*C*C**C**.C**C.C*.C.C*C*C.C**C**C.*C.*.C**.*.C**.****C*C*C*C.C.C.C**.C*C.*C.C.*C*C.*.**C.*.C.*C*C***C.**C.***C*C*.C.C.C*C.C*.*.**C.C.C*C*..C.*C.C*C*.**C*C**.C*C*C*.C.*C*C.C.*C**C.*.*.C.C.****.C.C***.*C*C.C**C.C.C*C**C*C**C*C*C*C**.**C*C*C**.C*C.C*C*C.C*C.C*C*C.*.C.C*C***C*C.*.*.*C.**.C******C.*C*C.C*C.**C.C***C****C..C**.**C.C*C*C.*.C*C*C.C.*C*C.C*.C.**C*C**C.C.C*.C*C*C.C.C*C.*C*C.C**C..C.C*C**C.C.C.C**C.*.C**C*C**C.C.**.***C.C.C*.C.C***.C***C*C.***.C**C.C**C.
.*.C**C*C*C.C.*.C*C*C..C*****C*C*C**C**.C.****C.C.C.C.***.C*.***.C*C.*****C.C*.*.C*C*C.**C.*C*.C.*.*.C.**C**.C*C*C*C**.C.C.C*C.*.C.C.*****C*C.C*C*.C***C.C.C.C**C.C.*C****C.C..C*.C*.**C.C**C.C*C.C.C.C*..C.C.C*C**C*C.C..C*C.C**.C***.C****.C*C.*.C*C*C.C.C..C*.***C.C.C*****C*.**C.*C.C*.C.*****.C*.C*.C.C**C*C**C**.****.C*C******C.C.C*****C*C*C**C.***C*C*C.C.*.C.C.**C**.C..C..C*C****.**C*C***C***C*C.C**.C*C.*C.**C.C****C.*C.***.*.*C..C*C.*C.*.*.C.***.C.C*C*C**.C.C.**C.**C**.C*.C.*C.C.**C.****C.C*.C.C**.C.*.*C.*.C.*C.C.C*C*C.*C*.C.*C*C*C.*C*.C.***C.*C*C.*.C***C.**C.**C.**C.****C.C***C*C..C*C.C.C***C.C.**C..C.C.C.C.C..C*C..*.*.C.C**.C.C**.C*C.C.*.C*C.C.C**.C.****C*C**.C**.C.C*C.*C*C*C****C*.C*C*.C*C**.**C.*.C.C.C*.C*C*.C****.**C.***.C*C.C*C.***C.C**C*C.*.*.C**C***C**C.C*C**.C.***C.C.**.*C***C..C.C.C**.**.C*C*.C*C*C..C*C.C*C.C**.C..C**.***C.C.C.***C.****C*C*C**.
C.***C*..C***C***C.C.C.***C.C.C**.C****C*C.**C**.**C*C*C*C*.C.C*C*C.C.C.C.*C.*C.C.C.C.*C***C.*C*C.C.C.C.C*C.C.*.*.C*C.**C*C*C*C**.C.C*C.C..C.C.C**C.C.C*C*C*C**C.*.*C.C**C*C**C.C.*.C**.C*C..C.C.C.C.C..C****C.*.C..**C.*C.C.C***C.***C.C.C.C.C..C..C***C*C.C**.C.*******C.C*C.*C.C.C.*C*.C*C*C.C*C.**.*C.C.C*.C**C***C*C.*C***.C.C**.C.*.C.**C.*.**.C.C.C*.*.C.C*C.C*C*.C*..C.*.C*C.*C.*.C*C.C.**C.**C.**C.C.C****.*C.**C***C*C***C.C.C.C*C..*C.C*C**.C*C**C*C*C.C.C*C.C*C**.C*C.C**.*****C*C*.**C**.C*C.C***.C.**C.C*C.C**C**.***C*C*.*C.*C..C*C*.*.*.*C*.C.C.C.*.C*C**C.*C*C****.C.C.*C****C*C***C.C*C.*C*C*..C***C*C.**C.**.*.C****.C.*C.C.C*C**C.C.C*C*.C*.***.*C*.C**.C**C.*C***C**.**C.*.C**.*.C*.C*C.***C**C.C*C****C.C*C*C.*.C.C..C.C*.C***C*C*C.C*C.C***C.C.C*C..C..*.*.C**C.**C*C**.C*.C****.C.C.C****C.C.C.C.C**C.C.C***C*C..C.C.*C.***C*C*C**.C..C*.C**.C*C.C*.****C.*.C**.C.C.C.C.C
.******C..C*C**C..C***C.C.**.**C.C.C.*C.C*C.C.C.C*C...C.C..C.C.*.C.C*C***C..C**C*C**.C.*C.C..C.C***C.C*C*C.*.C*C*C.C.*.C.*.C.C****.C.C*C******C..C*C.C.C.*.C..C*C.C**C.*C**.C**C.**C.*.C.C******C.C****C*C.*C**.C*C.*C.*C.*.C.**C**C**.*.C.C***.C*C***C*.C**.C*C*C.*.C.C..C.C.C*.*.C*C**.**C.C.*.C.***C**C**.*C.*C.C.C.**C**C*C.*C***C*C.**C.*.*.C.*C.C*C..C.C*C.C*C*C.*C*C*C*C*C.C*C*.*.C*C*C*C.**C.**C*C*C.C.C.*.C***C**.C**C.*C..C.C.*.C*C*C..*C.**C***C***.C.C.*.*.*.*.C.C.C.C.C.*.C.C*.C.C**C.*.C.C.**.C*C*C.C.C*C**.C*.C*C.C.*C.*C******C.C..C.C**C.*C*C.C.C.C.C*.C*C*.C*C**C**C.C.*C*.C*C.C*C.C****C.C**C*.C.C.C.C.C..C.C.C***C.C.C**C.C*C.C***.C.C.*C**C.C*C*.C..C.*.C.*C.**C*.**C*C.C.C*C.C.C.C.***C**C.C..C.C.C**C.C**.C.C**.C**C.***C.C*C.*.C.C*C.C..C*.****C***.*C*C*C.*C*C.**C*C.C**C*C.C***C*C*C*C.**.C**.C.*C**.C.***.**C.**.C**.C.C.C*C.C*C.C.*.C.C.C.C.C*.C*C*C*C***C.C*C.C*C**.
C.*.C*C.C**C..C**C******.C..C**.C*C****C.**C.C.**C.*C*.*.*C*C.C.C*C*C***C****.*.C.***.C..C*.C.****C.C.*.C.*C*.C*****C*C.*C**C.*C*C******C.C.*.**C.C.*.C.C**..C.C.C*.C***.C*C.*C.C**.C.*.*.**C.****.*C.*.C*C..C.C.C.C**C**.C.*.C..C***.C.*.C*C..C**.C.C*C**C***C.C**.C*C**.*.*C**C.C**.C*C.*.C.***.C.C*.C***C.C..C*C*C**C****.C.C..C.C.**C**.C.C.C*C**C.C.*C*C.*.C.C.**C*.*.C.C*C.C*C**C.C.*.*.C*C.C.C**.C*C*C.C***C.**C*C*C..C.C***C*C.*.C*C.C*.C..C.C*C*C*.C*C.C.C*C.**C*C.C.**C.C.C*C*C.*C.C..C.*.C.C*C*.C.C.C***C.C..C.*.C*C.C*C.*.C.*.C**C.C****C*C***C.C*C*C.C*C.*C*C*.C.C.*C..C.C*****C.***.C.C.C.*C.*.*C.C***.C.C.***C*C.C***C.C*C.*C*C.**C.**C*.C*C.**C.C*C.*C*C.*C.C*.C.C.C.*C.C*C.C*C*C*C.*.C*C.*****.C**C*C*.*.C.C**.*.*.*.C.C..C****C.C.*.C.C.C.*..C*C.C*C**.C*C..C.**C**C.C.*.C.C*.C.C.C*C.*.C.*.C.C.***C.C.C*.***.C.*C.***.C*C*C.C.C*C*C.*.C.C.C*C*C.*.C***.C*C*C*C.*.C.**C***C.C*C
.C**.C.C.C.**C**C*C.C*C.C.C**C.C.C*C*C***C..C*C.C..C.*C.C*.C.C.C***C.C*C**.*.C.C.*.**C**C**C.C*****C*C.C*C**.C.C*C*C.C.C*.C*.C..*.C..C*C.C*C*C**.C.C**.C*.C.C*C.C.C*.C.C**..C.*C.C.C*C.C.C*C.C**C*C*.C.C*C*C.*C*C.*.C*.*.C.C.C.C**.C***C**.C**C.C*C..****C*C.C.C.C*C.C.C*C*C***C*C.C***C.C*C.C.****C**.*C**.C.C**C*C.C*.**C.C*C*C*.C.C.C.C.C**.C.C.C*.C.****.C**.C****.*C.C*C.C*C.***C.C*C.C**.C.C*C.C.*.C*****C**.C.*.C.C**C**.C*C**.C.C*C*C.*C.C*.C.*.C..C.*.C*C.C.**C**.C.**C.*.C*C.*.C.*C..*.C**.C.C.*C**.C*C***C.*C**.**C*C.C*C*C*C.*****C*C.C..C**.C***C.C.C*C***.C..C*****.C*.C.C.C**.*.C**.*.C*.C.**C.*C.C.C.*C..*C.***C.C.C*C.C*C*.C**C.*C**.C****C.C.C.C*C..C*C.*C**C*C*C**C.*.C.C*C.C.C.C.C.C*C.C.C.C.**.C.*C.C*C.C.C.C.C.*.C**C*C****C**C*.C*****.C*C**.C.**C*C*C**C*C.C**C.C*C*C.*C**.C***C.C.C.**C..C.C.**C*.C.C.C.C.*C.C.C*C.*.C*C*C*C..C**C.C.**C.C.C.C.*C.C.C.*.C.*.C.C..C..C.C*
C**.C.C****C***C***C.C*C.C.**.**C*C*C***C*.C*C******C..C.C*.C.***.C.**C.C.C*C*C.**C*C*C**.C.C.C*C*C.*.C.*******.C**.****C.*.C**C.C.C**C.C*C.C**C*.*.C**.*C*.**.C*C.C..C**.C.*C*.C.C.**C.C**.C*C..C.****.C*C***.C*C.C.***C*C.C.C.C****.C.C.C.**.C*C**C.**C.C*C.C**.C**.***.C*C*C*C.C*C*C.C.*.***C.**.*.C****C*C.*C.*.***C.C*C.**C..C**.C*C****.C.****C.*C**C**.**C.C.C.C.***C*C...C**C.C.C.C.**C*C.C.C.C.C..C.**.*.C*C*C*C..C.**C..*.C.*****.**C*C**C**C**.**C*C.C.C.C.**.C**C.*.C.*.****C***.*C*C.C.C**.C**C*C*C.*C..C**C*C*C**.C*C.C.****C**C.*.C*C***.C*C*C.*.C.C*.C***.C.C.C.C.**C.C.*.C*C.C.C***C.*C.C.C.C***.C*****C**C*.C.**C.C.C.*.*C..C*C*.C.C.C.C*.*****.***C.*.C*.*C*C*C******C.C.*.C.C*C.C.C*C.*.*.C**C.C.*C*C*C.C.**C*C**.C.C.*.*.C*C*.C..C*C*C*.C.C.****C*C.*.**.C.****.C***C.*..C.*.C.C.C.**C*C*C.*C.****.**C.*.**C.C.*C.C.***.C*C*C.**C**C**C**C*.C.C.**C*.C.*.*****C*.C**C*C***.C
*C*C.**C.***C.C.*C..C*C.C*C**C.*.C.C.C.**.C***.C.C.C*C.**.C**.C..C.C.C.C.C.**C*C*C**.C*C.*.C*C.C*C.**C***C*C.*.C**C.C**C.C*C.C****C.*C.*****.C.*C.C*****C**C.C*.C***C.*C*C*C*.C*.C.C.*.C.C.C*C*C.*C**C.*.C*C.C*.C*C.C.***C*C*C*C***C.C*C*C**C.C.C.*C.C*C.C.C*C.*C..C.**C.C.C.**C***C.C.*.C*.C*C*C.**.C*C*C..**.C**C*.C*.C*C.C.C.***.C*.**C**C**C.*.**C*****C*C**.C.C.C.C*.C*C**C****.C*C*C**.C.C**.C.*****C.C*.C*C.*.C.C..C***.**C***C*C.C.C*C.C**C*.C.C.C.***.C.C*C*C**C*C**C*C*C*C.C.C.*C*C.*C*C.C.C*C.**.C.C.*C.C.******C*.C*.C.******C****C.C**.C*.C**.C**C.****C********C*C.**C.**C*C.C.C*C.*C***C.C*C.**C***.C**.C.C*.C*****.C**.C**.**C****C*.*..C*.C.C.C.C**..C*C*C.C*C.C.***C*C.C*C.C*C.C.C.C*C.C****.C..C*.C.*.*.**C***C.*C.*C*C.C.C**.*C*C..C.C.*C*C.*C*C*.C*C*C.C**.C.C.C*****C*C*.C***C.**C*C.C**.C**C.C*.C.**C.C.C.C*C.*.*C.C*C.*.C.*.C..C.C.***.C..C*.C..C.*C***C****.C.C.***.C.**
C.C.C*****C**C.*C.C.**.C*C..C.C.C**.*.C..C*C*.C***C***C*.C.C.C.C*******.**C*C.C*C*C.*.**C.C.C.C*C.*.C.C.C****.*.C.*C.C*.*.C.C*.C.*****C.*.*.C.*C.C****C*****C*C.***C.C*.*.****.*C*C.C*C.C.C*C.**C.*C*.C***C*C.C*.C.C.C*.C****.C*C.C**.****C.*C.C*C***.C.C*C.C**C*C*.C.C.C*C.C*C.****C.*C***C*C**.C**C*C.C..C*.C.C**.C.C*.**C*C.**C.C..C**.*C****C*C.**C*C.****C*C.C*C*C.*C**.C.***C*C.**C..C*.*.*.C***C**C.C.C***.C.*.C.*C.*C.C*C.C.*.C.C.C.***.C**.C.C.C*C**.*.C*C*C*C.****C**.C*C*C.**C**C.C*.C*C.C*C.*C.C.C****C*C.C**.C**C*C*.*.C*C.*******C.**C**C*C*C..C.C*C*C..C**.C**.C**C***.C*C**.*.*.C**C****.C.C.C*C******C.C..C..C***C**C..*.C.C*.C.C**C*C.*.C.C*C.C.*.C**C**.C*C.**.C.**C.**C.***.*.*.**C*C*C.*C**C*.C.*C*C*C.C.C***.C.C..C.C.C.*C.C*C*C***.**.C**C**.**.C.C.C.**C*C.C*C.*C****.C*****C.***.C.*C*.C*.C**C.C*C*C.C.****C*C*.C**.C.C.C.C*.C.C**.***.C.***.C**C*.C*C***C*C**.C*C*C.C.C
*C.C.C.C.***C*C**C.C*.C.C**C.C.C.C.C.C**C*C..C..C***C.**C.C.C*C**C.C*C.*C**C*C***C***C.C**.C.*.***C**C.C***C*C.C**C***C*.C***.C.C*C.C****C*C.C*.C***.C.*C**C.C**C.C.C*.C*C**.*C**C.C**.**C*C**C*.C**.C.*C..C*C.***C*C*C*.C**.C**.C*C*C*C.C.C*.*.C**C.C.*****.*C.C.**.C.*.C******.*C.**C.*C*.*.*.C*C*.C*C.*C***.C*C.*****C*C.C.*C.*C*C..C**C.*****C*C**.****.C*.C****.C.C*.C.C*C.C*.*.*.C**C**C*C****C.*C..C.C.*C.C.****C*.C**C.C.**C.C*C*C***C.C.C.C*C****.C.C.*.C**.C.C*C.C**C**C.*.*.C.*****C..C.C**..C.**C**C.C*C**.C.C**.*C.*C.C.C.****C.C**C*C.**.C.C.*C.C*C*C..C*C.C.C***C****.C***C.C*C.C******C**.C.*.C.******.C..C*C*.C******C**C*C**C.***C.**C*C***C.C.*.C*.C.**C.C****C.**C*C*C*C.C*C**C*C*.****.C.*C*.C.C..*.C**.*..C.C.C.C**C***C.*C.*.***C.***C*.C.C**C.**C*C.*C**C.C.C*C*.C**C**.C**C*.C*C***C.C.*C.**C.C*C*C.C*****C.C.*..C*C.C.*.C..C.C.C*C****.C.C*C*C**.*.C*C**.C**C**C**.C.C*
C.C.C*C.*.**.C*.C*C**C.C.*C.C*C.C.C.C.C.*C.*C**C.C*C.C.C.C.C.*******C.*C***.C..C***.C.**C.C*C.**C.*C*.C*C.C*C.C**C***C.***C**C.C.C.C**.C.***C*C.*.C*C.******C.*C*C*C.*C.C*C*C..C**C*C.*.***.C.*.*.C*C*C.*C*****C**.C.**.C*C**.C***C*C.C.C.C..C.C.C.*C.C*C.****.C.C..C.C**.C..C**C**C.C*C*.*C*C.C***C**C*C*.C.C.*C.C*C*****.C.C.*C*.*.C**C*..C.C.C*****C.***C.C**C***C.***C.C.C*C*C**C.**C***C.C.***C.C.*.C.C*C*.C.C*C.**.C.**.*.C*C.C*C.C*C***C**.*.C.C.C.C*C*C*C**.C*C*C.C.C.**C.C.C.C**.C.*C.C*.C.*C.C*.C*.C..*****.C*C*C.C**C.*C.C*C***C.*.C.*C**C.C.**.C.C.*.C.*C.**C.C.C.C.*.C*C*****C.C.****C*C****C.C***C..C*C.C.*C*.**C.C.**C*.C..C.*C*C**C.C*C.C*C*C.**C.C**C*.C**C*C*.C*C.C*C*C.*.**C***.C..C*C..C.C*.*C*C.C*C*..C.C*C**.C*C*.C.C.C*C*.C.C***.C.C.****C.C**C*.***.C.C.*C*C.C**C.C..*.C**C.*C*C*C**.C*C**C.C.C.**C**.C.C*C.C.C.C**C.C.**C..C.C.C**.**C*C*C.C***C.C*C**.C*C.**.**.C.C.***
.C.**C.C.C**C..C.***C.*.*C***C*C*C*C.**C.*.C.C.*C.C*C.C.C.*.*C*C***C.***.C*C..C.*C*C**C*.C*C**C**.C.C*.C.C*C.*.C*.C*C..C*C.C.*C**.C***C*C.C**C.C.C*C.C.C*C****..C.*.C***.*.C.C..C*.C***C**.**C.C.****C******C.C*C*C..C**.**C*C***C.*.*.C.*..C*C.C*C**C*C*C.C.*C*C.C**C.C.C**C*C**.C.C*C*C.C*C*C.*C*.C*.*.***C*C.*C.C.C.****.C*C***C.C*.C.*C*.C****C*.C**.C.*C*C...C.*C**C*C*C.**C.***C.*.**C****C.C***C*C.C.C****C.C.C*.C*C*.C*C*C*C*C.C.*.*.C.C.*C***.C.C.*.C***.C***.C*C.C.C*C.C.*.C.C.C.*..C*C..*******.C**C**C.****C****.C*.C.***C*.C*.C*C.C*.C..C*.C*C*C*C.C.*C**.C.*.**C*C.***.C.**C.*.*C*C**C**C***C***C.C.*C.C*C.**C*C**.C.C.C**C***C.C**C*C**.*.C**.*.*.C.C.**C*C.**.C**C.*.C.C*C.C*C.C**C.*C*C.*C.C**C**C.*.C.*.C.C.C*.C.*C.*C*C.C.*.C..C********C***C*C..C**C.*.C*C..C.C.C**C.***C*C.C*.*C.**C*C.C.C*C.*****C.*.C.C*C*C.C*C*C*.C.C*C*C*C*.C*C.C*C.*.C.C.C..C****C*C.C.C..C*C*.C.C.C**C
*.*.C.C.*.*C..C****C.C.C*.C.C.**C.C.*.**C*C*C****C.C.C*C.C*C*.C.C*C.C*C.C.C**C*C..C..C*C*.*.*C.C*C*C..C.C*C.**C.*******.C*C.*C..C**C*C***C******C.*******.***.C.*C.C*C.C*C*.C*C**.C.*.C.C.C*C.C*C.C*C..C*C.C.*.C*C.**.C.C.***.C*C.*C**C.C**C*C*C*C.*C.*.C*C*C**C.C.*C.C*****.C.*.C.C.C**.C*C****C.C*.**C*C.C.C*C..***.C.C*C..C.*C*.**.C*C**C*.C*C*.C***C**C**C.C*C*C.*C.**.C.C.C.**.C.C.C.C***C**..C***..C*C.**C**C.C.*C.C****C*C**.C.C***C.C*C**.*.C***C.C*C.C**C*C.C.*C*C.C*C**.C**.C*C.C.C*.C.C*.C***C.C.*..C***.C.C.C.C*C**C*C.*C.*C*C.***C***.C*..C*C.C*C**.C*.C.**C.C.*.*.C*C.C*****C*.C***.C.C*.C.C.*.C.C.C.*C*C.C*C*******C*C*C.**********C.C.C***C***C*C*C*C.C*C.C**C..C**.*.C.C*C.C.C.*.*.C.C*C..C.C**C...C*.C.C*C*C**C*C**C*.C.C.**C*C****.C**C****C*C..C.C**C.C*C**C.C*C.***C**.*C****C*.C*C.C*C.C*C*C.*C.**C.*.C.C.*.**C.*.*C.*.C.C.**C*.C.**C.C**.C*C..C*.C***C*C****C*C**C.**C*C..
*C.C.C**.C***C*C.***C.C..*.**C*C**.**C.C.C**.C.C.********.C..C*C.*.*.**C*C.C*.C*C***C*C*****C*C.*****C**.C*.C****C*C*C*C.C**C.*C.C..C.**C*C*C**C.*****C.*C*C*C*C*.C.C*C*C**C*C*C*C.C.C**.*.C**.C.C**.*C*C.C.*.C.C*C**C*C.C**.C****C.*C**.C*.C.C..*.C*C.C.*.C.C**C**C.C*C*C.C****C*C.C.C.C**.C*C*.**.C.C*C*C*C.C.C*.C***C.C.**..C.*C.****..C**C*C***..C.*.C*C**C.C.C*C**C.**.C.C.*C*****C.***C*.**C*.C**C***.C*.*.C.C.C*.C.*C*C.C***C*C.*.*.*.C***C*C.C.C.C.C.**.C*C.*.C*.*.**C.C.C.C.*.C.**C.C**C.C***C**C.C.C***C*C.C*C.*.C.***C.C*.*C.C.C***..C.C.C.C.C*C.*.C*C**C*C*C*C.*.C.****C*C.*C**.C.C**C*C.C***.C.C*C*C.C***.C.C.C**.C******.**C*C*.C*C.*C*C*C**.C.C.C.*.*.C*C*C.*.**C*C.C*C.*.C.C**.**C**.****C**C.C***C*.C*.C*C.C..C.C.C.**C*C.C****.**C*C.C**.C*C**..C.C*.C.C**.C*.C**.C*.*.C*C***C**.*C***C.*.C****.C**C.****C**.**C*C.*C.C.C**.C***C**C**.C*C*C.C.C..C*C****C.C*C.C***.C*.C**.C**C
C*C.C.**C.C.****C**C*C**C*C***C.*.C*C.C.*.*.C*C.C*C*C*C.C.*.***.C.**C.C.C.C*C..C.*.C.C*.C*.C*C.C*C**C.*.C.*C***.C.C.C.C**.C*.C*.C.**.C.C**.C*.C.*C.C.C.C***.C*C.**.C**.C*C..C.C***C*****C.C.C*C.C.C*C..C.C***C*C.**.**C.*.**C***C***C.C.C.*C.C.*C**.C.C*.C*.C.C.*C*.C.C.**C.***C.C.C***C.C.C**.***.C.C*.*C****.C.C*.C*C***C.*C**.C.C.*C**C.C**C.C*.C*.C*C*C..C.*.C**.C.**C.**C*.C.*C*C.**C.C**C.*.*.*.*.C.***.C*C*C****C.*****C.C.*.C*C.C*C.C.**C***C.C*C.C.C*.C.*.C*C*C..C**.C*C.**C.C*.C*.C.***C.**C.***C*C.C.C*C.C.C..C...C.C.C**C*.C.**.*.*C**.C.*.C*C***C.C.C..C.C*C*C*C*C**C.*****.C*C.C*.C.C.**C*C*.C.C**.C.C.***C**.******C.C*C****.*C*C.C*.C***C*C*C.C.C.C*C*C.C.*.C**.C*C*C.C.C.C.C*C.*.C*C**.*.C.*C*C.C..C*C*.*.*..C.C.C.C.C*C.*.*.C*C*C.**C.C*C**.C**C.**.C.C****.*C***.**C.C***C.*.C.*C.C.C.***.C*C.C****.C.*C.C.*.C.C.****.C*C.C.*.C.**.C*C.C*C*C**.*C.C*C..C*C*C.**C.*.*.C.*C..*C*
**.C.C.C.C*C.*.C*C**C*C*.C.C**.*C.**.C*C*.C**C.*.*.*.C.C.**C.C.C.C.C.C******.C*.C.C*C**C.*C***C.C*.C*C.C.C.*C.*C**.C****.C.**.*C*C**C.C*.C**.C**C..**.C.C*.C.**C*C*.*C.*C*C..*.**C*C*****C.C.**C.**C**C.C*.*.*.**C*C.C.C.C*C***C**.C.***.C*.C..C.*.**C.*C*C**C.C*.C*****C***C*C.***.C.C.C*C.C.C*C*C*C.*C..C***C*C.***C**.C**C*C.C.*.C..*C.C*C.**.*C**C.C*C.*C.C.C.C*C.C*C.C.C.C***C***C*C.*.*C.**C.C*C.C.C.C*C.C.*.*.C**C.C*C******C.C.C*C.C*C.C.C.C***C**.C..C.C.***.C.C*.C*C.C***C.C..C*.C*C*.C..C**C.C**C*C.C**.*****C*C.C*C.C.C*.C**C**C.C*.C.C.**C.C.**C*C**.C..C*C.C.C.C.C.*C***C*C***C.*C.C**C*.C*C..C.C.C*C.C.*C**C.C.C.**.*.C*C.C.*C*C.C**C.*C*.*.**C*C***C.C*C.C*C.C*C*C.*.C.C.**C.**C*C.C*C*C.C.C*.C.C.****..C.C.C*****.C.C**.**C*C**.C.C.C.****C.C.C..C.C**C.C*C..C.**.C*C*C.C*C.C.**C.*..C..C*C..C.C*C.C.C*C.***C**.C.C.*.C*******.C*.C.*.C.****C******C.C.C..C*C**.**C.C.C*C.*C*C.*
C*C***C.C.C*C.C****C.*..C.C*C.*C.C.C*****C*.C.C**C*C*.C***C.C*C.C.*.C***C.C*C**C******C*C.**.C.C..C**.C.***C.C.**.C.*.C***C**C*****C*C..C.C.**C.**C*C**C..C**.C*C*.C.**C.C.C.C..C.C.*C.C*****.C..C*.C*.C..C*C*C*C*C*C*C.C*C.C.C*C.C.C*C.***.***.C*C.C***.C*C**C.C.*.C.C*.*.C**.C**C*.C.C.C*C.**C*C.**C**C*.C.C*C.C*.C*C*C****C*C*C.C.C.C.C.**C***C*.C.C.*.C.***..C*C*C.C.C.*.*.**.**C..****C.*C.C*C*C.**C.C*C*C*C.*.C*C*.C.C..C.C*C.C.**C*C.C**.C.*.C*C.**C.*C*C.C*C*C.**.C.C.*.C.C*C**C*C..C**C.C**C.**.C**C.C.C.C***C**C.C.C*C*C*.C*.C**C*C*.C*C*C***C.C.**C*C*C*C*.*.*.C.C*C.***C.C.*.C.C*.C.C*.C.C..C.**.C**.C*C.C..*C*C.C*C*.C.*.C*C*C.*C.C..C.C*.C..C*C.C.*C**C***C*C.C.*.C*C.C***C.*****.C.**C.C.C.C*C..C.C*C*C*C.**C.*C**C.*C*C.*.*.*.C*C*C.**C*C*C.C.C**C.C.C.*C.C*.C**C*C***C*C*C.**C.C.**C*.C*.C.C.*..C.C.*.C.C.C**C*C.C*C.C****C.C.C.C**C***C*C.C.***C.C.C.C.C*.C*C.C.C*C*C*C.C.*C..C
.***.C.C.*.C.C.C*C.***C..C*C.**.C*C**C*C..C**C*C.*C*.C*.C.*C*C.C.*C*.C.*.*.*.C*.C**C*C**.C*.C.C**C***C**C*C.C*C.*C*C*C.*.C.C***C.C****C*.C*C*C*C.*.C**C.*C*C.*.C.*C.C*C***C*C.C**C.**.****C.C***C**C*****C.C*C.C*C*C*C.**C.*.C.C*C.**C.C.C*C***C*C.******.C.C*.**C.*.C.*C.C*C*C.C..*C.C.C***.C..C***C.***C..C*.***.**C.*.*C.*.*.C*C*C.C.C***C*C*C.*C*C*C*C**.**C*.**C.C.C***C*C.*C*C**C*C*C.C*.C**.C.C*C**.C.C.C*C*C.C.*C.C*C*.C.*.C**.***.C.**C***C**.C.C.C**C*C****.C.C**C.C.C*C*C.C*.C.C*.C..C.C*****C..C.*.C.**C.C***.C**.***.C.*.C*C.*C..C*C.**.**.C.C.C.C*C.C*C*C*C.****.C*C..C*C.C*C..C.C.*C*.*C*.C**C.C*C*C.**C*C.**C.***C.C.C*C******C*.C*C*C*.C***.C.C.******C.C.**C*C*C**.*C**C.C*C*C*C.C.C**.C*C.C.*C.*.***.C**.C..***C*.C***C.C.**C**.C.*.C.C*C*C.C**C.*.C*.C*.C*.C***C.*.C**.C.*.C.C*C.*C.**.*.C*C*.C*C*C.**C*C*.*.C.*.C.C.C****.*C.C***.C**.C.C**C*C.C.C.***C********.C*C*C.C.*.C.
C.C***C**.C.C*****.C.C*C**C**.C.*C*.C*****.**.C.C..C***C.C****C.*C.****C**C*C.*C**C.C.C*C.*C**.C**C*C.*C**.**C*C***.C**.C*C.C.*.C*C.C.***.C.C.C.*.C**C.*C.**C.C.*C.C*C.C***C*C**C****C*.****.C.C.C**C**C**C.**C.C**.*.C.C.*.****C.C*C*C*C.*.**C**.C*C.*C.C..*.C.C.**C*C*.C.C.**C*C.C**.*.C*.C.C*.C.C*C*.C.C.**C*C.C*C**.C..C*C.C.**C*C*C*C**.C.*.C***.*.****C****C*C*C*C*C***C.C*.C.*C*C.C.C.**.*.C.C.C.C*C**.C.C*C******.*C**C.C.C.C.C.*.C**C**C.***C..*.*.C.***C*C*C.*.C.*C.C**.C.*.**.**.C.C..C*C*C*C*C**C.*.*.C.*.C.*..C*C.C.**C.C.C.C.*.C*C*C*.C*C*.C.C.C*C.C.*.C.*.C**C.C***C..C.*.C..C.C*****C..C***.*C.C.C..C..C.*C.*C*.C*C*C*C***C.C**.C*C.*.*C.C*.*.**.C.C.C*.C**C*.C.C*C*C.***.C.*.C.C.C*C***C.C.C*.C*C.C*C*C.C*C*C*.C.*C***C**C*C.*.C.*.C******.**C*C*.**C*C.**C**C*C.C.*C.**C**C.C.C*C.*C.C*.C*C.C*C******C.C*C**C.C.C*C.C*C**.C*C**C.**C*.**C.**.C*C.**C*.C.C.C..C.C***.C.C.*.C*C.C
.C..C*****.C.*C.C*C*****C..**C**C.*C.C*.C*C.C.*C*C.*C.C.C**C***C*.C*C.C.C*.C.*C.C*.C.C*C*C*.C.C..C*C*C.*C*C.C.C**C.**C*C.C.C****.C*C.C.C.C*C.*.C****C**C***C*C.C*.****C.C.*.C*.C.C.C.*.C.C.*C*C.C.**.C.*.C*C.C.*.*.C.C.*.C*C*C*C.C.**C.C.*.C.C.C*C**.******C.C.*.C.*.*.*C*C.*C..C.C*C.C.C.**.C**C.C.C..C*C*C.****C*C.*.C**C.C.**C.C.*.C.C..C..C.C****.C.C****C****C.C.*.*.C.C.C*C.*****.**C..C*C*C.C*C.**C.*.C.**C.**C**.C.*.*.**C**.**C*C*C..C.**C.C*C*.C.C*C*.C.C.C..C**C*.*.C.C*C.C.*C*.C*C.C.**.C*C*C*.C.C**.C***C*C*C..C*C.C*C*C.C.C*C*C.C*C**C.C.**.C*C***C.*C..C.C.C***.C***C****C..C.C.C*C**.C..C*.C.*C*C.C*.C.**C.C****.*.C*C**.C.C***C****C*C*C.*C**C.C*****.C**C*C.***C*C.C.C.C.C*C.****C*C.C.***.*C*C.C***C.*.C.C..*.C**.C*.C****C**.C*C.C**.C*C.*.*.*C*C*C.C*.*.C**.C**C.C.C..C*C.C.**C.*C..C.****C.**C.C*.**C.*C.C.***.****C*C*C.C.*.C.**C*C.*C.C**.C.C**C**.C..C*C.*C.*.*.C*C.**C.
C.*C**C.C.C.*C.*.C*C**C*.C..C**C.*C*C**C.C.**C*****C.C.**.C.*.C*C.*C.C.**C..C*.C.***C.C.C****C*.C.*.**C*.C***C.**.*C**C*C.*.*.*.C.C.***.***.****.C.C**C**.C*C*C**C*C.C.C*C.C.*******C*C.C.C**C*C.**.C.C.C.*.*.C.C.C.C.C.C.C.C*C*C.C**.**C*C*C.C*C*C.C.C.**C*C.C*C.C.C.C**C..C*C.*.*C.C*C..C*C*****.C*.C.C*C*C*C**.C.C*C*C.***.C**C.C.C.C..C**C.*.**C.C*C.*.C*.C.C*.C*C.C*C****.C*C*.C**C*C.***C*C.C.C.C*C.C.C**C.*C.**C.C*C.C*C.C*C*C.C.C*C.*C.C*C*C*C*.C*****.C*C.C..C.C**.C.C.C.C.*.C.**C*C.C**C.C***C.**.C*C.C.C*C**.C.C..C*C***C*C*C.C.*.C.C**C.C*C*C**.*C.C.C**C**C.*.*C.C.C*C.*.*C.C**C*C.C.C.C*C.**C*C..C.***C*C.C.C***C.C**.**C*C.C.C.C*C.C.*C.C**C***.C..C*C*C.*C.**C****C.**C.C.**C**C*C**C****.***C***.*.**.C*****.C.C*.C**.C.*C*C*C.C.C.C.*C.****.C.C*.C.****.C*C.*.C*C**C*C.*C.C*C.C.C.C***C*C.C**.C*C.C**C.C..*.C*C*C..C.C*.**C.******C**.C.C.***.C*.***C*.C***C.C*C**C.C*C*C.**C.*
*C..C*.C*C*C..C.C*C*C...C.C**C****.C**C.C.****.C*C*.*.C**C*C*C*C.*.*C*C.C.C****.*C*C.*.*.C.C.**C.C**.C**C*C*C**C.C**.*.C*C.C*C*C.C**.C.C****C*C.C.C*.C.C***C**..C*****C.**C*C*.C**.C*C.**C.C*****C*C*C.C.C.*.C.C***C*C.*.**C.*.C.*.*.C.C*C.**C*C.C.C.C.C**.C.C*****C.C.*C.*C***C.C**C.C**C*C.*C*.C****.****C.****C.C*C.C*C.C*C.C..***.C..C**.***C.*.*.C.C.C.C*.C*C**.**.C.C.C.C.C*.C.C.**.C**C.C.***.C*C*C.C*.C*C**C*C.C.C.C.C*C**.****C.C.*.*C.C.C.C.*C*C.C**C.C*C.C*******.C.C**.C*C*C.C.C*C***.C.C*C.C**C.C*C.*.C**.*.*.C**C**C*.**C.C*C.**C.*C*C.C.*.**C*.C*C*.C..C.C*C***.**C.C.C**C..C.C*C.*.C*C.C.C.**C*.C*.C*C.*.C***C.C.*.C.C.*.**C*C.C**.***C***.**.C.C*.C.C.C.*C*C.*C***C***C***C.**.C**C*C.C*C**C.*C*C*C.**.C*.C*C*C**C*C.C.C..C******.***C*C**C***C..C*.C*C.C**.C*C.**C*.C*C**C.C.C**.C.C.C.**C.C.C*C.C**C.C.*C.C.*.***C***.C*C.*C.C.*C.C.**C.*.C.C**C***..C.C*C.C.C*.C.*.C*C*C*C.**
**C..C*.**C.***C.C*C*C.C*C*.C.C.C.C***.C*.C*C****.*C*C**C.C.C.C.C*C**C.**..C.C.C*.C.C.C.C.C.*.C.***C*.C**C.C.***C.**C.C***C.C*C*C.C.C***C*C**..C*C..C**.C*C.C.*C..C.C***C****C*.C.C***C.C.C.*C*.C*C.C.C.C*C.C*C*C.*.****C*C.C*C.C***C*C.**C.C.C*C.C.C.*.*.C.C*C.*C**C.C*.C*.C*C.C.C*.C*.C*C.*C..C.***.C*C*C****.C.*.*.C**.C**.C**C***C.*C*C.C*C.*C*C.**C.C.*****C***C.C**C.C.*.C*.C*C**.*C.*C.C.*C*C**C.C*C..C*C*C*.C.C*C**.C.C.*C*C.C***.C.C**C.*.C..C*C.C.*C*C.C.C.*C.*.**C.**C.****C**.C.C.*.C.*C*C*C.C**C.*.C.***.C.C*C*C..*C..C.**C*C*C.C.*C**.*.*.C*C.C..C.*C**C.C***C*C.C*.C.C..C.C.**.C*C*C***C**.C*C*C**C**C**C*****.C.C****.C*C.**C.C*C.C**C.*.C*C.C.C*C*.C.C.C*.C.C..C**.*C*.C.****C.***.C.C.C..C.***C.C*C.C..C..C*C.*C*C.C*C*C*.C**C.C.C.C*C..C*C*C*.C**C**.C.C.C*C****.C*.C*.C.*.C**.C*C*C.*.C**.C.**C..C*C*.C.C.**C**.**C.C.C**C*C.C***.C.C.C*C.**.C**C**C.C.**C.C.C*.C*****C.C.C**
**.**.C.*C.C.C..*.C.C*C.C.C*.C.C*C*C**C.*C.C**C*C***C**C*C.**C*C.C.C***C*C*.C*C.*C.C.C**.C.C*C**C*C.*C*C**C..C.C**C..C*C.**C.*.C*C*C.*.C.C.C.C**.**C**C**C.*.C**C****C*C**C*C*.C*C.**C**.C**C.*C.*.C.C.C.C.C.C*C.**C**.C**.***.C.*.**C.C.C***C.C.**C*C.C.C*C.C.C.**C.C.C*.C*.*.**C****.C.**C.*.C*C***C.*.C**.C***C.C*C**C*.C*C.*C**.C**C.*.C**.***C*C***C**C.C.C****.C**C.C.*C.*.C**.C.C****.**C*.C*C..*.C..C***C*C*.C*C*C.C*C.*C.C.*.C*C.*C.C*.C.C.*C**.**C**C.C*C.*C.C*C***C.***C.C*.C.*.C.C.C*C**C.C.C.**..C.***C.C.C.C*C**C**.C.C.C.C*C*C*.C.C**C*C***.C***.C..*..C.C.C.C..*.C*C.*C.C*C*.**C*C*C***C.C.C*C.*C..C*C..C.*.C*.C**C*.C.C**.*.C.****C*.C*C.*.*.C.C.*C**.C.C****C**.C**..C*C*C****.C*C.C*C.*C.C.C**C*C.*.C*.C..C.C..C**.C.*.C.*C.*C.C*C*C..C**.C**C****C**.C.C*C.C.C**.***.**C*C.C.*.***.*.C.**C.*C***C*.**C*C**.C.C*C*C**.C.**.C.C..C.C.C.C.C*C**C*C.**C*C.C.C*C.C*.C.C.*C..*.***C
C.C.C**C..C*C.*C.***.C.****.C*C*C*C.C.****C..C*C.C.C.**.*.**C**.C.C*C*C*C.***C.*C****.***.*.***C.C.*C.*.*C..C.C*C**C*.C*C*C.C.**C*C.C*C*C.C***C.C.C.C.*.C.C*C**.*.C****.C**C..C***C**.C.C***.***C*C.C*C.*.*.C.*.**C*C*C*C*C*C*C**.C.*.*.C.C*C.C.*.*.C.C*****C.C.*.C.C.C.C*.C..C*C.C.*.C*C.C*C.C.C**C**C*C*C.C.C***C.C.C**.C*C**C.**C*C**C*C.C*C.C**C.C.C.*****C*C*C.C.*C***.C.C.C*C*C***C.C.C*C***.C.C*C.**C.C.C.C..C.C.C.*.C*C*.C.C.C.*.C**C.C..C*******C.*C**..C.*C.C*C*C.C.C.C**C.C***.****C**.C.**.C.***.C.C*C**C.C***C*C*.C.C.C.****C..*****.C..C.C*****C.**C.*C**C.*.C.*C.C.***C***C.*C**.*.*.C.C*C.C.C.C*.C**C**C*C.C*C..C*..C.C***C.C.C*C*C.C.*C.C*C.C*C.*C.C.**C.*C.C*C.C.C.C**C.C.****C**.C.**C.*****.C.C.**C**C*C**C.C*.**C..C.*C****.C*C...C*****.*C..C.***.*.C*C.C.**C.C.C*C***C.**C*C*C*C.C*C.C*C*.C*C.*C.C.*.C.*.C.C.C*C.C.C.**.C.C*.C*C.C*C*C.***C.C*C.*.C*C.C****C*C.*.*C.C*C.C.
*C*C**C.C**C.C*.C.C.C..*C*.C.C.*.C.C****.C*.C.C*C*C.*C.C.C.*.C.C.**C***C*C.C.***.C*C.C***C*C.C*.C**C*C.C*.***C.**C.*.C**.*.**C.C*C*C.*.**C.**C.*.**C**.*.C.C.C.C.C.C.*.C.*.**C***C.*C.*C****C..C.C.C.C*C*C.*.C.C.*.C*C.*.*.C*C*C*C*C.**C.C.C.C*C*C.C*C**C*.C.C*C.*.C.C**.*C.C.**.C.*C*.***.*.C.C.***.C.*.*.C.C*C.C*C.C****.C*C..*.C.C..C.C.C**.C**C.C**.****C*.**C.C.C..C..C*C.*.C***C*C.*.C.C.C*C*.C.C.C*C.*.C.C..C***C.C.C.C.*C.*.C*C*C*C.*******C.C**C.C*.**C*****C.*.C*C*C*C.*C.C*.C*C*C*C.*C***.C*.C.C*C*C.C**C*C****.*.C..C*C*C.C.C..C.C.*.C**C*C.*.C*C*C.C.C**.C.C***.C*C***.C**C..*C*C.C.*C*.C.C.C***C.****C.C..C.**C.C*.*C.*C..C**C*C*C.C******C***.*C*C*.**C.****.**C.C.C.C.**.C.C.*.C.***.C***C.C.C*C.C*C.C***.*.C.*C.*C*C.*C*C*.C*C.C.***C*.C**C..C.C**C.C*C*C.C.C.C*C.C.*.C.C.*.C.C.**C.*****.C.*.*C.**.C.******C**.C.*.C*C***C*C..***C.C.*.C**.C.C*.C*C*C*C.*.C*C*C*.C.C.C.*C.C.C**
C*****.C.C**C..C.C.C.*C.*.C.*.C.C.C.C.C*C..C.**C.C.*C.C*C.C.*****.C*C.C.C.C.*.C.C.C.***C.*C.*.*..C*.C.C**C**C*C.C.C.C.*.C.C.**C.C.*.C.*.***.C*C.C.C*C.C*C***C.C.C.**C*C.**C.C*C***C**C..C.C**C*.C.**C***C.C*C*C*C*C**.C***C.*.C.C.C.C*C.*.C.**C***C.******C.****C.*.***.C**C.C**C..C.*C.C*C*C.C*C.C.C.C***C**.C.C.*.**.C*.C.C.*C.C.C*C..C.C**.C.**.C***C.C*C.*C*C.**C.C.*C**C.**C*C.C*C****.C.C.C.*C.C...C.C**.C.C*.C.C*C.C*C.C..C*C*C.*.**C*C.C.C*.*.C..C**C.***.C.*.*C**C.C.C.*C*C.**.C*****.C*C**C*C**C.C*C.C..C**.C*C*.C*.C.**.C******C*C*C*C**..C.C.C.C.C.C.**C*C*C*C.*C**.C**C*C**.C*.**C*C***C*C.C.C*C**.C*C.C**C.C.C**.*C*.C.*.C.C*.C*C.C**C.**C*.C*C*.C.**C**C..C*C.C*C.C.C.*C.****C.C*C.C.C*C*C.*.C***C.C*C*C*.C**.C***C*C..C.C*C*.*******C.**.C***C.C*.C.C*C.C******.C**.C.**C.C.C.*..C.*C.C.*.C.C.C.**C.C.**C*C.C*C**.C*C.C.C*C.C**C*C..C**C..C.C*C.*C**.C.C***C**.C.C**C.C*C*.C.C.C*
**C***C*C.C*.*C*C**.C.*C.C*****C***C.C.***C*C*C*.***.*.C.*.C.C**.C.C.C*C*C.**C.*.C.C.C..C****C.C***C**.C***C.*.C***C*C.C.C****.C.***.C.C.*.*.C.C.C***C.****C*C**.C.C***C.C.C.*.***.C*.C***.C**C***.C*C**.*.C.C.C.C*C***C.**C*C.C.C*C.C*.C***C***C**C****.C*C*C.C*C.C***C*C..C*.C**C**C*****C*C.C.**C.***C..C****.C..C.C.*C*C*C.*.**.C.C*.C*C*C*C*C..C.C*C..*.C.C.C.**C***..C*C.C**.C.C*C.C.C*C*C.*C.C**C..C.C.C.*.*C.C*C*C.*.C.*C.C*C.*.C.C*C.C.*.C.***C*****.C*C**C*C.**C*C.C.C..C.C***.C*C**C.*.C*****C*C.C.C*C*****.C..C**C*C*.C.C*C.C.**.*.C**.C*.C.C.*.C*C**C.*.*C.C.C**C.C.C.*C.**C.C*.C*C.C.*.***.C.*.*.C*C.*.*.*C**.C.C.**C*C.C*C.*C**.*..C*C**.C*.C*C*.***.C***C.C.C.C*C*C.C*.C.C*C*C.C*C.C*C.*.C.C.C*C*C.C****C.C*C.C.C.C.*C**.C.*C.C.C*.C.C*C****..C**C.**C.*.*C.C.C..****C.C*C.C*.C.C.C*.C*C.C*C*C.C**.C*C.C*C.*.C*C.C*C*C.*.C.*.***C*C*..C*C.***C**C.*****.C.C*C*C*.*.C.C***C..C.**C
*C*C.C.*.C.C.C.C*C.*.C*.C*C*C.**C.*.C.C*.C.*.C.*C****.C*C.*.C*C.*.C*C.C.C.*.C..C*.C*C.*C.C*.C*C*****C*C.C.C***C*C.C.*.C.C.*C*.C**.C*C.C.C*C.C.*.*.C****C.C*.C.C***C.C.***.*.*C.****.*C.****.*C*C*C*.C.C.C*C.*.C.*.C*C*C.**C**.**C*C.*.*C**C.*C*C*C*.C*.C..C.C***C*C.C***C*C.*.C**C..C..C*C*.C.C***C**.C..C**C*C.**.C*C*C**C***C*C*****.C**C***C.*****C.C*.C.C.C***C*C*C**C*.C*C**.C****.**C.C.C*C.****C.C**..C*C*C*.C.*.C.C.***C.C.C.C.C.C*C.C*C*C.C.C*.C.***C**.**.C*C*C*C.***.C*.*.C**C.C.*C.C*C*.C.C*.C.C.C****.C*C..*C.C..***C*C*..C*C**C*C*C.C**C.C***C.*.*****C*.C**.C..C*C*C*.C*C*C.C**C.*.C.C.C*C.C.C**.C.C.C.C****C.C*C.C**.C**.C***.C.*C.C*C.C*C**C..C*C*C.*C**..C.C.C*C.C*C********C.C.*.C*C.C.**C**.C.****C****C.C*C.**.C.*C*****C***C**C*C*C.**C**.*.C*C..C*C.**C.C.C*C**C***C.*C.**C.C..C.**C*C.C*C.C*C.C.C**.C*C.*.C.C.C.*.*C.C*C**.C.C.C.C*.C.C.**C*C*C**C.C.**.C*C.C.C*C.C**C.C.
C.C*C..*C.C*C.****C*C**C.C*****C**.C*C**C**.C*C***.C***C*C.*.C.C*C.C.*.*.C*C**C.C*.C**C*C.*C*C.C****.C.**C**.*.C.**C*C.C.C*.C**C****.C.C.C.C.**C*C*C*C.*C..C**.*.C*C.***.C*C**C.C*C.C.C*.C.C..C.C*C****C.C*C.C*C.C**.C***C.*.C****.C.***C*.*C.****C...C*C*******.****C.C***C*C**C.****C*C.C**C*C.C**.C.*C*C..C.C.*C**.C*.C.***.C..C.C*C*C*.C.C*C.*C.*.C**C*C**.*.C*C*C.C.*****.*C****C.****C.C********.****C*.C.C.C*.C.C.C.C.*C...C.*.C.C.C.C.******C*C**C.***C.C**C*C**.*.*C****.C.C..C.***C.**C..*.****.C*C.C**.C.C.C*C.C.C.C.*.C.*C**C..C.*.C*C******C**.C*C.***C*C.****.C*.**C.C.*C.*.C.**.*C*.C.C*C.C.*.C.C*C*C.***C*C.****C.***.C.C..C*C*C..C*C*C**.C.**C**.**.C.**C**C.**C.C.**.*****.C.C*C**.**C.*.C*C**.C.C****C*C***C.C*.C.C.**C.*C*C.C***.***.C.C*C.C.C.C.*C.C.C.*.C*C.*.*C.C.**.C*C*C**.C.*C.C.**C.C.*.*.C.C.C.C.*.C*C.C*C*C**C.**C*C*C.C*C*C.*C****C*.**C..C.**.**C.C*C.C.C.C***.C*C
.*****C.***.***.C**C.***C*C**.C.C*C*C.C**C.C.C.C**C.*.C.C*C**.C.*.***C**C*C.C**C***.C**C*.C.**C*C.C*C.*****.C.C*C.*.C***C.****C.C.**C*C*C*C*C.*.C.C*C*C.*.C**.C.C*C*C*C.C.C.C*.C.C.**C..C*C.*C**.C..C*C.C**.C.*.C.C.*.C******.C.*.C***C***C**.C.C.*C.C.C***C.C*C.C.C**C.C*C*C*C*.C**C**C***C*.C.**C.C*C*.C*C.*C*C**C*.****C*C*C**C.*.C*C.**.C.C*C.*C.C*C*.*.*****.C.C***C.C*.C.C*.C*C*.C*C**C.C**.C.**C*.C***C.C*C*.C.C***C.C*.*C*.**C.C.C.C.C.*.C.C.C..C.C*C.******C.C.*C*C..C*.C*C*.C**C*****C**C.C.C**C*C.****C.C.C.C*..C*C*C.C*.C*******.C*.C.*C*C.C*C.C*C.C****C**C*C*C***C*.C.*C.C.*.C.*C*****C*C.C.C.*.**C.C.C..C*C*C*C.C**C..C.C..C.****C**..C*C.C.C*C*C.C*.C*C***C*.C*C.C.C.*C.*.C.C*C.C.C.C**.*C*.C.*.C.C*.C.C.C..C**C**C*C***C.C*.C.C*C..C.C.C.C.*.**C.C.*C..*C*C*C.C*C.C..*****C.***.C*C.C..C.*.C.C.*.*.****C.***.C**.*****..C**C***.*.C.*.C.*C.********C*.C*C**C.C.C.C.**C*C**C.C.*.
C*C.*C*C.C.C**.C.**.C*.**C.C.**C*C.C.C.*C****.C.**.C.C*C.C.C.C*C*C.****C*C*C****.C.C*C**.C.C***C.***.C.C.C.C.C***C.*.C*C***.C..C.C.*.*.****C*C*C*C*C.C.C.C*C*C.C.C**.C.C*C**.C.***C*C.*C*C*.C.C.***C.***.C.C*C.C.C*C**.**C*C.C***C.C*C**.C*C*C.C.C.***.*.*.***C.****.C.C.*.*.C.C.**C.C.*.C..*C.C*C*C.C.C..C*C.**.C*.*C*C.*.**C*C**C*C.C****C.C**.C**C*C*.C*C*****C.C*C**.***C*C*.C.C.*C*C*C*.*.**C.C*C..C.C*C.C*C**C.*.C.C**..C**.C*C.C.*.C*C*C*C.C*C.**.C*C.C*C.**C.C**C*C*C***C.C.C*.C****C.C..**C***C.***C.C.C.C.C*C.*C***.C.C..C.C.C**C*C.C**C.*C.C*C***C.C.***C.**.C.C.*C.**C.**.C*C.C.C..C*C.C.*.C.C.*.C**.C*C.*C*C**.C.***C.*C*C*C**C**C*.C.C.*..C*C**.C.C*C.*C***C*C.*C**.C*C.*C*C**.*.**C.****C..C*.C*C.**.C*C*C.*C*.C.*C*C****.C*C****C.C*.*.C.C*C*C.**C**C..C..C.C.**C**.C.C*.*C.C***C**.C*C.**.C***C*C*C.C.C**.**C.***.C*C**C***.*C*C.*.C*.*.C.**C.*C.C*.*C.C*.C**.C*C*C***C.**.C*C.C
.C.C*.C.C*C.*.C******.C.C.C*C.**C*C.C*******.C*.**C.C.**C.C*C.****C.C.*.*.C*C.*.C*C.*.C****.C.****C.**C.*.C.**C*C.*.C.*..C.C.C.**.C.C*C***C.*.C*C.**C.C.C.C.C.C*C***C.C**.C*C*C*C**C..C*C.*C.C.C*.C*C.*.C*C.C.C*C*C.C**C**C*C*C****.C.C*C*C*C.C.C.C*C*C.C*C.C.*C.C.***C.*C*C*.C***C.C*C*C.*C***.C.*.*.C*C****C.C*.*C*.C.C*C.*.C*C**C**.*C.C***C*C.C*****C.C**C**C.C*C*C***C*.C..C**..C.C.***C.C.C.C.*.*C**.C***C*C**C.*.C.C.*C*C*C*C.C*C.*.C*C**.*.**C**C**.***.C.*.C.C..C***C.C.C.C..C.**C**.*.C*C.C.C*C.C..C**.C.C.C*.C*C*C.*C..C.C***C.*C.**.C**C.C******.C.***C*C**.***C**C*C.*C.C*C*****C*.C*C**C**C*C.***.C.C.**.*.*C*.C..C.C*.C*C.C.*C.**C.C.C*C**C*C.C.C.C*C..*C*.C*C**C.****C*.C.**C.C.**C..C.*C*.C**C*C**C*C.C.*C..C**C.C.C*C.C.*.C.***C..C.C*C.C*C.C.C.C.**C.C**C*C*C.C.C*C..C***.C.C*C.C.C.C**C*C.***.C**.C**.C********.C*C.**C.C*.C.C****C.C.C.C**C*C.**C.*..C*C**.C.C*C*C*C*C.*C.C.
C.C.*C.C*C.C*C.C.*.C*C*C*C*C**.C*C*C*C*C.C.*C**C.C***C.****C.*C*.C***C.*C*.C.****C.**C.C*C*C*.C.*****C**C**C.**C*C.****.C.**C*C**C*C**.*C**C.C.C.*.C*C.***.C*C.*.C.C.C***C.C.**C.C..C.*C*C*.C.*.*******C*C*C.C.C.C.C*C**.C.*.C**.*C**C.******C***C.C.C*C.C.C**C.*.C.*C*C*.*.C..***.C.****C***C.**C*C*C.*..C*C*C..C.*C.*C.C.C**.C*C..C*C..C*C.*.**C.C.*.C*C**C*C..C.C.**C**.*C.*C*C.*C*C..*.C.C*C.*.C*C*.C*C*C***..C**C.C.C.*.*C*C***..C*C.C**.C.C.C*C..C.C*C.C*C*C.C*C.**.C***C.C.C**C.C.C.**C*C.C.C*C.**C.*C.C.C.*****C.C*C.*C***.C*C.C.C*.C****C**C*.C.C.*C.C*.**C.C*C*C.*.*.C*C.***C*C.C.C.*C*C**C.**.C.C*C*C*C**C.C.C..*C.C**C**C*C**.C.******.C***C*.C*C.C*C.C*C*C..C****C.C*C*C**C*C*C.*.C*C..C.C...C*C.***C..C*C*.C.*C*.C.****C*C*C.**C*.C*.C.*.C***C*C.C****C**C****C*C**.C*.**C***C..C*C.C.C*C*.C*C.**C.*.C*C***C.C**.C***C*C.C.C**.***C.C*C..C***C.C*.C.C*C.C*C..C.C.C.C.C.*.**C.*****.
*C****C.C*C**.**C.C*C.*****.C*C.C.*.C.C*C.C*.C*.****C***C*C.C***C****.C***C**.**C*C.C.*.C.C**C*C***.C.C.**C*C*C*C*.C.C.C.C*C*C**C.C***C.*C***.*.C**.C*C..C*****.C.*.***.***.C.C*C.*C*C..C***.C*C*****.C.*.*.*.*.C*C.C*****.C.***C*.**..C***.C*C*C.C*C***C.*.C.*C*C*C*.*.*C.C.C*C*C****.C*.C*C.C.C.C.***C.C**.C*.C*C**C*.C.**C.C.C**C.C.C..****C*C*****C.C.C.*C.C.*C****.C.C..C***.C*.***C*C.C**.*C*.C.C.*C.***C*C**.C.C.C*C*C.*C*C**C.*C*C*C.C.C.C****C**.*.C.C.*.C******C.C*C**.C.C.*C.*.C****.C*C.C.**C.**.C.C*C.***C.C.C.C***C*C*C.*.C.*C.C**C.C**.C**.C**C.*C**.C**.**C.C.C.C*C.*C.C.***.*C.C.*C.C*.C.C*C*C**.C.***.*C.C*C.**.C.*C.**C.C*.C.C*****C..C.C.*.C*C.C*C*C***.C**C*C*****.C.C*C.C***.C*C*C.C*C.C***.C*.C.***C.*.C.C.C*C*C*C.C.C.*C**C.C*C*C*C.C*C.*C.C*C****C..C*C*C.*C.C.C.C*C.*C.*.C*C..C*C.*.C***C*C*C.C.***C*.C*C.C.C**.C*C.**.C.C*C.**C..C**C.C**.**C.C*******.C*C*C*C.C*C.C*C
C.C*.C.C.C.C.C****.C.C*C.C*C.C.*.C*C*C.C.C*****C.C.***C**C*C.C*C*C.C.******C.C*C*C*C***C.C.C**..C*C..C*.C**C.*.***C.C.C*C**.C.**.****C.C.***C*.C.****C..C*.C*C.C*C*C.C*C*C.*.C.C.*****C*.*C*C.***C.C.C..C*.C*C.C**.*.C****C*C*C.*.C*C.C.****.C.C*****C*C*C*C.C*.C.C*C***C**.C*C.C..C**C**C.C*C.**C.*C*C.C***C**C*C**C.*C*.C*.***.C*.C.**C..C****.C.C.C.C*C*C.*.*C*.*.C*C.C.C.***.C**C*C****C.C*C.*.C.C*C*.*C*C**.C.C*C.C*C.C*C*.C..C*C**C.C.C*C.C.**C*.C.C****.C.**C**C.C.C.C.*.C.C*C.*.C**C.**C.C**.C****C****.C.C.**.C.C.C*C.C.**C.C.C*C*.C.C*.C.C.C*C.C.****C.C.**C*C**.C.**C.C.*C***C***C*.**C..C**C*C*C.C.C.C.****C*.C.C*.C*C.*C.*.C*C*.C*C*C**.C.*C*C.*.C.C**.C**.C*.C.C..C..C*C.**C.C*C*C.*C*C.**C.*.**C.C.*.C*.C*C.**C.***.C.*.C*C*C*C.**C*C.C.*.*.C.*.C*.C**.C**C******C*C*.C.C*C*C**C*.C**C*C.*C*C********.**C.*C.C.*C*C.*.C*C.C.C.C..C**.C.C*C.C*..C**.C.C.C.C.C*C.C*.C**.*.C.***.*.C*
*C.C.**.C***C.C.*C*.C.********C**.**C*C**.C*C.C.C.C****.**C*C*C.*.C*C.C*C**.*.C.C*C.C.**C.C.C*C*.C*C***C*C.*C.C*C*.C.C*C.*.C.C***C..C***C*C*****C*C***.C.C.***C*C.C******.C.C**.C.C*.C***C.**C.C*.C.C*.C**C.C.**C.C.C*C*C..**C.C.C***C*C**C.C*C.C.*.******C*C.**.C.***C.**C***.C.***C**C*.C.C.C.C.C.**.C.*.C.*C.C.*C*****C***.C.C****.***C.**C..C.C.*.C*C.C.C*C***C.C*C.**C.C**.***.******C.C.C.C.C*C****C*.*.**C*C.**C.*.*.C.C..*C.**C**C*C.*.C*.C*.C.*C.*C.C**C*C.C**C.**.*C.C.C.C*C.C*C**C.***.C.**C*C.*C***C.C*C**C*C***C*C.*C*.*.C*C.C.*C**C*C*C.C**.C*C*C.C*C*C.**C*C*C*C.C*C...C*.**C.C..C.C*.***C.C.C.C.**C.**C.C**.**C*******.C.C*C..C.C.*C*.C***.C.C*C*C.C**C**.C**.C..C**C*C*C.C.C**.*C.*.C.C.C.C.****C.C*C**C*.C**C*C.C.C*C*C*C.C.C*C.*.C.C.***.**C..C.*C..C*.**C.C**C.***C.C*C.C.**C.C*.*.C*.*.****C.**C*C*C..C**C.C**.C.C*C**.*.*C***C**.C.C.C*C*C.****C.C.C.C*C..*.C.*.C.C*C.C***C
C*.*C.C.*C**.*.C**.C***C**C.C*.C.C.**C.*.C.*****.C*C*C*C.C*C*C.*C*.C**.***.C*C.C*C.****C**.*.**.C.**C.C*C*C***.*.***C****.C.C.C*C*C.*C**.C.*.C****.C.*C*C*C.*C*C*C.*.C.C*C.***C**C.*C***C..***.**C.C**C**C.C.*C..C**.C****C.C*C*C.**C.C..C*C.*.**C.C*C.C*C.C.C.****C*C.C.****C*****C.C..C**C.*.C.***C.C*C*C.C*.C..C.C*C.C.C.*C*C.C*C.C**C.C*C.C**C**.C.**C*C.**C**.C.C.*.C*C.C*C*C*C.*.*.C**.C*C.C.C.*C.C*C.C*.C.C*C***C.C*C.C**C..C***C..**C.C..***C.C*.C***.**.C.C**C*.C*C**C.C.C.C.*.**.C**.**C.C.*.*.C.***C.C.C..C*C.C**.*.C.**C*C.*.C.C*.C..**C*C.C.C*C*C.C*C.C.****C*C*C.C*C..C.**C.C.C.C*****C**C*C.C.C.C.C**.C.*.C*C*C**.C**C.C*C.*.C.****C*C****C*.**C.C.*.*C.***.C.C.C**.C.**C*C.C.C*C***C.*C*****C.C.C**.*.C*..C*C..*.*****.C.C*****C.C.C.**C*C.*.***C*.***C.**.C.******C*C**.C*C*C.C***.C*C.C*.C.C.C.C.C.C.C..C..C***C*C.*.*.C.C*C*.C.C.**C.C**.C***C.C.*.****C*C.*C.C.C*C*C*C.*.***.
*.C*.C*C*.C***C.C*C**C.**..C.C**C.C.C.*C**C.*.C.C*C.C.C.C.C.C*C**.C.****C.C**.**C**C.C**C.*.**.C.**C.C****.*.C.C*****.***C*C*C.*.C.C**C**.C.C.C***C.C***.C.C*.**C.*.C.C*****.C.C*.C*.*C***C**.C*C.C.C*.*C*C**C*C***C.*C*C**C.C.C***C.C**C.*.****C.C.***.*.C.C**.C.C.**C*C*C**.*C*C.****C*.C.C.C**C.C.C.*.C.**C.*.C.C.C.C*C.C***.***.C.*.*C.********.*.*****.C.C.C.*.**C.****C**.C.C*C*C*C.C.C.*.C**.C*.C*C.**.C.****C.*.**C.C.*C.C***C***C**.C*.C.C**.*C*.***C.C.*C.**.C*.C**C.**C***C.C.C**C*C**.**C.C*C***C*.C*C.***C.C.**C*C*****C.**C*C.***C*.C.C.C****.**C.C**.C.*.C.*.****C..C*C.C.**C******.C**C.C.C*C.C*C*C.C.C.*.C*C.C.C.C.*..C.C.C*C.C.C.*.C*C...C.C.*.C*C*.C.*.C*C*C***C.C.C.C.**C.*.*.C.C..C*C*C.**.***C*C*C.C*C*C*C*.C.C*C.C*C*C.C***C*C**.*.C*C*C***C.C*****C***C.C*C.*.C*C*C*C*C***.C.C*C.***C.C*C.C.*.C.*C**C**C*.C.*.C*C.C.***C.C.*.C..*C**.C.*.C*C.C.C.**C..C***C*C.C*C**.C*C*C
.C.*C...C*.C.C*C.*.*C*C**C**..C*.*.C.C**C.*C**.C.C***C**.C**.C.*.**C*C*C.*.*.C.C*C**.*.****C**C.C.C.C*C*C.C.C*C..C*C.C*C*.C.**.*****.C.*.C.C*C*C.C*C.*.C..C*.C.**C.C.C.C**C.C*C..C**C*.C.C.**C*C**.C.*C..C.C..C.***.C.*C..C.C.*.*.C*C*.C.*.C.*C**C***C*C.C.**C.****C.*.***.*C**.C*C*C.C..C**.*.C*.C.C.*****.C*C*C.***.C***C.*.C*C.C**C*C****C..C**.C*C****.****C.**C.C**C**C.*.C*C*C**.C**.C.C.C.C***C*.C*.C.C.**C*C.C*C.C*C.*C.****C*C.**.C.**C**.C*C.*.C*.C.C*C*.***C.C.*C***C*.C.C.C*C.C*.C**C****C.C*C*C..C*C.C***.C*C.C*****C.C..C**C.**C..C.***C.C.C*C**.C.*.C.C.C.**C*C*C.*C.C*C.C****C.*.*C*C*.C*C.**C.*.C.C.C.*.C*C.C***C.C.C.*C**.C*C*C.C***C.C*C.******C*.C***C.*.C.*******.C.C.C.C.C.C*C*C..C.C*.C*C***.*.C*C.C.*.C.*C.C.C.*****.**C.C.**.C***.C*C*C**.**C*C**.C.C.**C.*C*.C*C**.C*C**C*C..***.C**.C*C.C.C**C..C.C*.C*******.C.C***.C.**C.*C**C*C.C.C.C.**C*C*****.**C.C.***.C.C.C*C.
C*C.**C*.C*.C****.C*.C*C**C*C**C**C.C*C**C*.C*****.C*.C*C.C.*.**C.C.C.C**.C.C.*.C**.C*C**C***C.C*C**.C**.C*C.**C*.C.C**.C*****C*C.C*C.*C**C.C*C.*.*.C.C.C.*.C*C.C*C**.**C*.C*C*C..C*.*C.C.C.C*C.C*C*C**C**C.C.**C.*C*C*.*C**.C.C.C***.C*C.C*C..C..*C*.**C**C.*.C*C**C.C*C*C**C.C*C.*.C***.**C*C.C**C.C.*.C*C***C.C.C.C.***.**C*C.C.***C*C**C*C**C*C.C.C.C*C**C****C.*.C**C**C**.C**.*C*.C**.C**.C.C.C..C*.C*C.C**.C.C.*.C****C**C.C*.C.C*.C.C.C**.C.C.C*C.*C*C.*.C.C.C.C.C.*C**.***C*C.C*.*C**C.*.C***C*C*C.*C.*.C*.C*C.*.****C*C.C.*C..C*.C..C*.C**C.C.C.C.C*C.*C.***C.*****.****.C***C.*C*C.C.C**..C**C.C*C.C.*****.C*C.C.**C.**C.C*C***C..C.******C*C.**C.C.C*C*C**C.***.C*C.C.*.C.C.**C*C.**C.C*C.*.*.***.C*C.*C*C.**C.C.C.C*.**C.*C**C*C*C*C.C.*C.*C.*.C.**C.C.C.*.C.C.*..C*.C.*.C*C****.***C.C.*C**.C.C.C*C*C.C*C..C*.C.*..C*****.C*C.C***.C**.C***C*C**.C.C*C.C.C..C*C*C******C.C*.C.C.C.C
*C.C*C*.C..****C.C.C*.C..C.C..C*.C***C**C*C..C.C.*C*.C.*.**C*C.**C.C.C.*.C*C*C.C.C*C.C*C**C*C.C*C.**C*C.*.*.C.C.C*.C.C.C.C*C.**C*C.C..C**C**.C.*.C*C*C*C*C.C.C.*.*.C*C.C.C.**.C.C.**C*.C.**C**.C.C*C.C**.C*C.C.C*C*.C*.C****C.C*.*C*.*.C*C*C..C.C.C*C*C.*.C.C.C.C****C*C*C.*C.C*C..C*****C**.C*******.C.C*C.C.C.C.C.****.*C*C*C*C.*C.*.*.**.C..C.C.****C*C*C**C*.**C**.C.*.C**C**C.*C..C.C.***C..*.C.*C*.C.C*C**C..C.C.C**C**.*C.C.C..C*C.*C.C.C*C.C***C*C*.C*.C..C.**C.C*C*..C.C.*.C.C**C*.C*.C*C*C**.C.**C.*C.C.***C.*C..C.C.C*C*C..C**.C*C.**C*C*.*.C.C.C*C*C*.C.C**C*C**C*C*****C*C.*C.****C.**C*.C****C*C.C.C*C.***.C**C***.C*C.*.**C.*.**C.*.***C*C*****C*C*C.C..C.C.C.C.C*C.**C*C*C**.C.*.*.C***C.C*C*C.C**.*..C.C***C.C*.C.***C.C**C.*.C*C.C.*C****C.C.C.C.C.**C.C.*C*C*C.*C.C*C**.C.C.C**.**C.C*****C*C*C.*.C.C**.C.C*C*.C*C*.**C.*.C.*C.C*C*C.C.C.*.C.C.C*C*C*.C.C*C.C*C.*C*C.C..C.C*C.
*.*.C.*C**C.C****.C*C**.C.C**C*****.C.C..C*C***.C***C.C.*.C.C.C.*.C*C***C.C*C**.C.**C*C.C.*C.C.**C.*.C.C.C*C.C.C.***C*C.C*C.***.*.**.C.C..C.C.*.C*C.C*C**.C*C*C*C.C.C*C*C.C*C**C.C.C.C*.C*C.***.*.C*C.*C*.C*C.*.C.C***C.C**C.C..C***C*C*C****C*C*C*C*C*C*C.C.C*C*.C**.C**.C..C.**.C.C.C.C**.C*C**.C**C**.C.C**.C***C.C.*C**C.**C**C.***C.C*.**C*C.**C.*.C.C.***.C*C.C.**C.C.C***C.******C.C**.*C**C**C*.C.C.***C*C**C*C.*****C.***C.C.*.*C..C.C*C.C*C**.C.*C*C**C**C**.C.C.C*C.C*C.C.C**C.*C..C.C.C*C***C*C.C..C.C*C.**C.C*.C*C.C*C*.C.C.C.C.C*C*C**C.C**.C.*.*.*C***.C.C.C*.C..C*C*.C.C.*C.C**.C.C.C...C*C*C.C*C.C*C*C**.C.*C**C.C.C.C*C.C*C.C*C*C***.C*C*C***C.C*C.C****C*C*C.C.C*C.**C.**C***C.C*C.C.C**.C.C.**C*C*.C*.C..C..C.*C.C.C..C.C.*.C*C.C**C*C*.C.*.C*C.C.C.**C***.**C*.C***C*C*C.C.**C.C.C.C.C**.C*C*.C*.C*C.C*C*C.C..C**C.*.C*C.**.C**.**C*C.C.C.C.C.C.***C*C*C.C.C.*C..*C.C.*C**.C
.C*C*C.*.C.C.C.C.*.**C.C.*.C****C.C**C*C*.C.*C.C*C*C*C**.C.C*****C.C.*.C.C.*.C*C*C.*.C.C.C.*C*C*C.C.C*C.C***C**.C.*C.C*C.C*****C.C.*C*C.C*.C*C*C**.C.C.C*C.C.C.*.C*C*********.C.C*C*..C*.C*C.C.C.C.C*.C**C.C.C***C.C*C*C.*.*C.*C.C.*.C.*.**C**.*C.**C*C.C.C.*.C**C.C.C.C.C.*C**C*C*C.C.**C*C**.*C***C****.C.*C***C*.C*C***..C.C*C.*C.C.***.C.C*C.C**.C.C**.C.C*C*C***C*C*C*C*C*C.**C.C.C*C.C.C*.C*.C.*.C*C.*C.C*C.C..*..C.**C*C.C***.C.C.*C.***C.**C*C**.C.**.C**C.**C***.C.C.*.C.C.**.C*C******.C.C.C*C**.C*C*.C.C.C.*****C*C.*.C**C*C*C*C.*.*.C.***C*C*C***.C*C*C.C.**.C**C.**.C**C.**C*.C*C*C.C.C.*C**C.*.C.C.C**.C*C.**********C*C*C.**C.**C.C*C.*C.***.C*C*C*C*C..C*C**.C*C.*.*.*.C*C.C.C.*.C.C*C*C**C*.*.C.C.C.***.C*C.**C*C****C.*C*C.C.**C*C.***C.*C*.C**C*C**..C.*C.*C*C*C****C*C.C.C.C.C.C.*.C.**.C*.C.*C**C*C**.****C.C**.C*C*C***.C.C.C*C.*.*.C*.**.C.C*C.C**C*C*C***C..*C*.**C...C..
C**.*.*.C.C*C.**C*C.C*C.C*C.C.C..***C*C.*C.**.C*C*C*C.C.C.C.**C.*.C.*C**C*C****.C*C*C.**C**C.**.*C.C*C.C.*C**C*C.C*****.*.*.C*C***.C.C.C**C***C*C*C.C.C*C.C**.**C.*.**C.C.*C*C*C.***C*.C**C*C.*.C*C.*C*.C.**C.*.C*C.C.C.**C**.C.C*C***C*C.C.C*C**C*C.C.C.*.C.**C**C**.C.C.*C..C.C.C.C.*.C*C.**C.**C.*C.*C..C.**.C.*.*C.***C.*C.C*C.*C*C*C*C.C*C.C.C.C.C.*.C*C.***.C.C.*.***.*.C.C.C.C.*.C*C.*****.C***C*C*C.***C.C*C***C*C.C*C*C**C*C*C*C*.C.*C**C*.C.C*C*C.****C*C.*.*C.*.C.*C.*C**C***C.**C.C***C**.*.****C.C.*C.**C.*C*C*C.C**********C.C*C.**C..C*C*C.*C*C.C.****C.C***C.**.**C.**.C..C.C*C.*.C.C.**C*C.C.***.*C**C.**C*C*.C*C**C.C**.C***C***C.*..C.C*C.C*C*C.C****C.*.*****C.*C*C*C**.C**.C.C****.C..C*.*.C*C.*.C.C***C.C*C.*.C.**C.**C.C.**C.C*C**C*.*C.C*.***C*C.C*.C**C.C*C*.C.C.C*C.*.C.C*C.C*C.*C.C.***.C..C.*C.**C**C**C.*C.C.C**C.C.C*C*C*C***.C**C.C********C.**C.C.*C.*.C.C.C.C*C.
*****C*C.C**.C.**C.C**.C*C.C.C.*C.C*.****..C.C.C.C*C*C.**C****.C*C**C..C.C*C*C*C**.C**C*.*C.**.C*.C.C.C.*C.*C*C.*.C.C*C*C.C**C*C**C**.C*.C*C.C.**C**.C.C*C.*.C***C**.C*C*C..C.*.C*.**C.*C.*C.C*C*C.C*.C**.C****C.*.C**.C.*.C.*.C.C.*.*.*.*.C.C.C*.C.C*C.C*C*C**.***C.C.**C***C*C*C*C.*.C.C*******C.C*.C**C**C.*C*C*C**C**C*C*.C.**C*.C*C**.C.C.C.*.C.*.C.C.C.*.C*C.C*C*C.C.*.C*C.***.C.*.C.C*C.*.C*C**.C.C.C*C**C**.C*C***C*C.C.C..C.C.C**C*C...C..C**.C.C*C*C*C**.C**C.C***.C.C*..C*C*C.C.C.C*.C*.*******C..*.C***C..C*.*.*.C*C.C.**C.***C*C*C.C*C*.C.C*C..C**.C.C.*.**C.C..C*C*C.*.*C**C**.C.*.C.C*C*C.C*C.*C.C.C.*C*C**.C.*C**.*C.*.*.C.C.*.C.C*C.C**C.**..C*C****C.*.C*C.**C..C.*C*C****.**C*C..C**C.*C.*C.**C*C*C.C**C**C.C***C.C.C**C*.C.C.C*C**.***C*C*C.***C..C.C.*C.C****.*.C.C*C**.*C.*C.C.C.C*C.***C****.C*..C*C*C***.C.*C*.**C****C.C.C*C.C**C.C**C.*.***C****.*C.*C**C.C.C.C**.***.C
C.C.C.*.C.****C.C.*.**C*C*C*C*C.***C.C.*.C.*C.C.C.C.C**.***C.*C*C.C**.C.C.C.C.C.*C..**.C*C.*C*C**.*C.***C*C.****C.*C.C.*.C.C..*.*C..C**.**C*C*C.C.C.*.*.***.**C.C.C.C.C*C****C.C**C*C.**.C.**.*.C.C*C**C.C*C*C***.C.**C**.**C.C***C*C.**C.**C.C.C..C**.C.C.C.C.C.C*****.C***C*C.C.**C*C**.*.C*C*C****C.C..*C.C***.C****.C*C*C**C*C.****.C.C.C.C.C.C*C**.*.C.C.*.C*C.C*C***C.C.C.C*C.*.C.C*C.C*C.*.C*C*C.*.C*C..C.C.C**.C.*.*.C*C*C*.*.**.C*C*C.C**C**C*.*.*.C*C.C*C**C*.*.C.*.C**C.*C***C.C*C..C.C*.C.C**C.C**C.*C.**C.C.C*.C*C.C.*C**C.*C*C*C*C.C..C.C.C***.C*C***C*C*C*C.**.*.C*C*C*.C..C*C*C.C*C*C.C*C.C.C*.C.C.C.*C.C.C.C**C*C***.C.**C.*C.*****C.*C**C*C**C***.C*C.*.C*C***.C*C*.C.C.**C*C*C**C**C******.C.*.C.C*C*C**.**C.C*C.C***C.*.**C.****C**.**.C*C.*C.**C*.C.C*.C.C*C.C.C*C.*.C*C.*C*.C.C********C.C.*.C*C.C.C.C****C.C.*.C.C.C**C.C*C*C******C*C.*C.C*C*.*.*.***C*.C*.C*C*C.C.C*C.C.
**.**C*C****.C*C**.C.**C.C.C*C.C.C*.C*C*C*C******C.C.C*C*.C.C**C.C.**C***C*C*C.*C*C**C..C.*C.C***C***C.C*C.C.C.C..C***C.C.C.C.C*C***.C*C.***.C.C*C*C**C*C**C**.***.C.*.C.C*C*.C*.C***C*.C*C*C.*C*C.**C..**C.C..C*C*C.C**.C.C.*.C.C.*.C*C*C.*.C*C.C**C.C*C.*.C.*.C*.C*C*C*C.*.C.C.*.C.C.C*C.C.C.C*C*C..C.C.C.C.C.C*******.C.C.*C.C..C**C**C.C.C***C*C.C.C.C.C*C.C*C.*.*.C*C*C*C****.C.C.**C.*.**C*C.C*C.C*C**..C.C.C.C.C.C.C*C****.C*.C**C*C.C*C.C.*.C.*C.C.C****.**C..*C.C.C.C.C**C**.C*.C.C**C***C.**.C.**.C*****C.C*C.**C**C*C*C.**C***.C**.**C*.C****.C**C.C.*.C*C.C*C.C.*C.C.**C.C*.C*.C***C**.*.***.C.C.C**C.C*C..C.C.**.C.***C.C*.C.*C**C**C.C.*C..C*C.C.*C*C**C.***.C*C*.C**..C*****C.C**.C.*C***.C.C.C*C*C*C.***.C.C.C.C.C.C.C*C*C*C*C.C.C.C.C*C*C..C..C.C.***C*C**C**.C.*.C.*.C.C*C.C*.*C.C.*C***.C**C.C*C.C*C.C.C*C*C*.C**C*.C.C.**.C.C.*.**C****C*C**C.C***.C.C*C..*C*.C.C*C*C.C.C*C*C
C**.C.C.C***C*C*C.C.C.C.***.C*C.C.*C*C**.*..C.C*C.*.C.C.*C.C.C*.C.C*C.C.C*C.C.C*.C*C.**C..C***C*C.C.C.**C**.C.C**C.C**.**C*C*C*C..C.C.C.C.C.**C.C.*.C.****C*C*C.C*C.***.C.C.*.**C*C*C.*C****.C*.**C.C**C.**C.*C.*.C.*.**C***C*****C*C.C.*.C.C**.C.**.C*C..C*.C.C*C..C.C**.C**.C.**C.C.C*C.C.C.C.C.C**C.C*C.C***C..C.**C**.C..C.C**C.*****.C.C.*.C*C.C*C*C***C.*.C.*C..C.C.*.C.***C**C.C.C.*.C.C*C*C.**C.*.C**C***C.C.C.C*C.C*C.C.*****C.***C***C.C*C**C**.C.C*C****.*C**C.*.C***C..C.C.C*.C.*C*C*C*C**C**C.C.*C*C.*.*C*C*C*C.*C*C****.*C.C*C.C**.C..C**C.*C.*C.*.C*C**.**C*C*.C.*.C.C.*C*.C.C*C*C**.C.C*C.*.C.C..C***C*.*.C.*C*C.*C*C..C*C***C***.C*C.**C*C.C****C.***C.C****.*C*C*C**C.C.***.C.C..C.*C*C.C.C*C.C.C.***.C.**C.C.C.*.**C.*.**C.**C.C.C.C*C*C*.C*.C*C***.C.*C.C*C*C.*.C*C**.C*C**C..**C*.*C.****.C**.C.C.C*C**.C.C**C.**C.*.C**C.C*C*C.C.C.C*.*.*C.*.C**C*C*C.*C***C*C.C.C*C.C.C*C*
.C*C.C*C***C*C.C.**C**.***.C.*.C.C.**.C.C.C*.C*C.C.**C.C.***C.C*.***.C****.C*C.C*.C.C.C**C*C.C.*.***.*.*.C.C.***C..***C*C*C.*.C*.C.C.C.C.C.C*C.C.**C.C.C.C.*.****C.C.C.C*C.**C***C.*.***C***C.*C.*.C.C..C**.C****C*C.C.C.C.C*C.**C.C.C*C.C.C.****C*C..C..C*C.*C*C.C*.C.C.C.*C***.C.C.C*C*C.*.C*C.C.C*.C.C.C.C.C.C*.C.C*C****C***.C.C***.C..C*.C..C*C**.**C**.*C**.C.C**C.C*C***.C.***C.C.*.*.**C.**C*C*C.***.*C*C*C.C*C..*.*C.*.C.C***.C.*C.C***.*..C*..C..***.C.C*C.***.C.**C.*.****.C*.C***.C***C.*C.C**C*.***.C*C*.C*..C.C**C.C.C.***C*C.C.*.C.C**.C*C.**C***C.C.C*C*C*C.*C*C***C.C*.C..C*C***C****.C**.C.C.C*.C.C.*C.C.*C.C*C**C.*C.C**C*****C**.C.*.C*C..C**.C**C.C.C.*.*..C*C**C.*.C.C*C****C.C*.C.C.***.C*C.C.C*C*C.C.C**.C***C**.C*C*C.C.C*C.C.C.C.C**.C*C**.C.*.*.C.**C*C*C.*.C*C.**C.*C*C.*.C***C*.C*.C.C.**C***.C*.C**C**C*.C**.C**C.C.C*C.C**.**C*C.C***.*.C.C*.C.*.C****.C***C*C.C.C
**C.C.C**C.**.**C.**C.C.C*C.C.*.*.C..C.C*C.**.C.C*C*C.C.*C.C.C*C*****.C*C.C.C.C.C*.C.C*.C.**C.C.C.C*C.C.*.*.C*C***C*C.*C*C.C.C.*C.C.C***C*C*C*C*C.C.**C.C*C*C.*C..C.C*C.*.*.C***C.C*C.***.C**C*.C*C*C*.C.C.C****C.C**.C.C.C.C.C*****C.C*C.*.C***C****.**C***C..C..**C**.C.****C.C.C.**C.*.C*C.C*C.***C.****C*C****C.C**..C.C.C.C..C*C.*C*C***C*C*.C.C.C.C*C..C*C*C.C.*C.**C.***C**C**.C.C.C.C.**C.C.C*C.C.C.C*.C.*.C*C.*C*C**C.C**.*C.C*C***.*C*C.C..C*C*C***C.***C*C.C*C*C.C***C**C.C**C*C.*.*C*****.C*C.**C.C.C*C*C**.C**C.*C*C**.C**C*C.****C*C.C.C***C*C.C*C*C*.**.C*****.*.C.*.***C*C**C.****C.C*C*C*C.*.***C**..C*C***.C*C..C.C*.C.C.**.C.***.C.C***C.*C****.C.*C**.C*C.C*.C..C***C.*.C.*C.C.C*.C*C*C.**C*C.*.**C.*.C**.*.**.C**C.C*C.C***C**.C.C.C.****C**.**C*C*C.C.*.C*C.C*C.C.**C*C*C..C.C*C.*C.*C**C.*C.C.C**C*C.C**.*.*C**C*C.**C**C.C.*.C.C.C*C.C***.C*C**.C.*C.*.C*C*C.C..*..C*C*C*
.C.**C.C**C.C****C.*.C*C*C.*.C.C*C**C**.C.C**C*C.C.C.C***.*.C*C.*C.C*C.*.*.C.***.*C.**C**C.**C.***.C**.C.C.C**.*C****.C.*.*.C*.*.C*C.*.C*C.C*C.C*C*C.C.****C.C**C**C**.C.*C*****.C.C*C*C*****.****.C.*C*C.C.C.C*.C.C.C**.C.C**.C**.C*C**.C**.C.C.C*C*C*C*C.C**C*.C.C.C*C.C*C*C*C.C.C.C.C***C.C.*.C.*C.*C*C..**.C**.C.C*.C.C***C*C**C.*C.*.**C*C*.*.C*C*C.C.*C.C.***.C*.C.*.C*C**C*.C**.C*C*C.C.C.*.C.C*C.C.*.C**C.C.C.C****.C*C***C.*C*C.*C.C.*C.C.C******C*C*C***.C**.**C*C*C*C.C***..C*C**.C**.C.*C*.C.C*C***C**.*.C*C*C.***.***.C*C*.C.*C*.C.C*C*C.C*.*.*C.*****C.C.**C*C.C***C*C.*C.**.C*C*C.C.*.C*C.***C*C.C*C*C..C*C.C.**.C*.C.C*.C*C*.C.C**.C*C.**C*C**C.*.C.C*.C.C.C*C.C..C***C***.C.C**.*C.C..C.*.C.C*C*C*C*C.C.C.C.C.C**C.C.****.****C.*C*.C.C*C*C***C***C*C*C.C..C*.C*C*C**.C**.*.C.C.*****C.*****C*C..C*C.*C*C.C*C.C.C*.C..C***C*C.*C.*C.*C.C.C*C**C.**C.***.C**C*C.C.C*C..C*C****C.C
C*C.***..C.*.C..C*C*C.*.**C.C.C*C.C.**.C*C.C.*C**.*.**.C.C.*.C***.C.C.*.C.**C.**C*.C.C.*C.*.C*C..C.*C.C.**C*C.C*.C.C.C.C.C*C.*C.C.C*C*C.*.C*C**.C*C.C.*.*.C.C.*C**C.C*C..C*C.C**C.*.C*C***C.*C*.C***C*.*.C.**C***.C**.C.C.C.C.C.C.C*C.C.C.C*C.C.C.C***C*C.C.C.**C.C.C***C*C.*.*.*.C.*.C.*.**C.**C*C*.C*.C**C*.C.C.C*C.*C**.C.*.**C**C..C.C.C.C.*C.C***C.C.*C.C.C.*.C*C****C.**C..C****C.C***C.C.C.C.C.*****.C**C.***.C.C.C*C*C*C.*.C*.*..C.C*C..C*C*C****C*.*C.C****C*C*C*C***C.**.C.C..C.C*C**.C*C**.C**.C*C***C.C.C.C.C*C.*C*.C***C.*C.*C.*C*C.*.*.C**C*C**.****C.C.C.C.C**.C.*.C*C****.*.C.C.C.C*C.C.*.C.***C.C.C.C*.C*C*C.*C.C.*C.C*.*.***C***C*C.*C..C*.C*C*C.C.C.*****C.C*C*.C*C**C*C.C*C*C*.C*C**C*C*C*C.C*C*C.C.C.*.C*****.C.C*.C.C.**C.C.*.C.*.*.C.****C.C.*.****.C*C*.*.C.C*C.C*C.C.C*C*C**C.C.C.**.C***.C.********.**C.C**C..C.C.C.C.**C.*C*C****..C**.C.C.*.C*C..C***C*C..C*C.C*C..C*
*C.**C.*C*C*C*C***.**C**C.*C.**C****C*C*C*C*C..**C.C**C*C.C.**C.C.*C*.C*.C*C.***.*C.**.C.C.*.C**C.C*.C*C***C.C*C*.C.**C*..C.*C*C*C**.C*C*C.C.**C*C*C.C.C*C.***C.C*.*****C*C*C*****C**C*C.******C.*.C.*C*C.*C*.C*C**C*C*C.C*C.C*C.*.C.C.*.C.C*C*C**.C**.C.C.C.C*C.*.C*C*C*C.**C.C*C.C.*.C*C*C*C.***..C*C..*C*.C.*.C.C.*C.C*C*C.C*C.C***C*C*C.C****C*C.C*C*C..C.C.C*C*C*******C.*.C.**.C*C.C.**C*C.C.*.C*C.*.C.C**.C.***..C.C***C.C.C.C.C.C.C.C*C*.**C.***C.*C*.C.C.C*.**C*C.*C*.*C*C.C*C***.C***C.C**C*.C.C**.*.C.**C.C.C*C**C.*C.C.*.C**C*.C.***.*C.*.C.*C.C*C*C**.C*C*C*C*C.**C.C*C.C.C.C.*.C*C*C.C.C*C*C***.C.C.C.C.***C.*****C*C*.C**C*C**C.C.C*C**C.C..*C.C.C**.C.C.*.C***.*.*..C*C*.C**.*.*****C*C*.C.C.C.C*C*C*C*C.*.C*C.C*C.*C*.C***C*C*****C.*.C.**C*C.C*C*C**C*C.C.***C.C.C.C**.C***C.*.*.**.C*C*C*C*.C**C*C.C.C**C.C*C.***C*C..C.C*****C.C..C*C*C.C.*C.**C*C.C***C*.C*C.***C.C.C*C.C..C
C.C.C.*C.*.C***C.C.C..*C.C*.C**.***C.C*C.C***C*.C*C**C.C***C*C.**C**.C**C.C.C.C.**.***C.C.C.C.C*.C.C*.C.C.**C*C..C.C.C.*C*.*C*****C***C.C*C.C.C.*.C*C*C****C.C.**.C.**.C**.C.C.C*C.*C.***C**C.C*C***C.*C.*C.*C.**.C.***.**C.*.C.*.C.C*C.C**.C.*.C**.*.C.C.C.*.C.**C*C.*.C***C.**C.C.C*C.C.C*C*C*C.*C*C.C.C.C.*C.C.C..C.C.C***C*C.**C.*.C**.C*.***.*.C*C.***C.C**.C.*.C.C.C***C.C**C*C*C.C*.C.*C*C*C.C*C*C.C*C.C.C.***.C*.C.C.C**.****C.C*C.C.***C*C**C*C.*C..C*C.C***C**C.*C.**C*C*C.C*C*.C.*.C.C**C**C*C.C*C.C.**C**.C*C.C.*C.*C.C.C.*C.*****C.C.*C*C*C..***.C.C.C.C.C******C**C.*.C.**C.C.C*C.*.C.***.C.*C*C.C.C.C**C.C***C**C*..C.*.C.***C.C.C.C*C.*C*C*C.C*C*C.C*C.C*C.*C*C.C.C..C..C*C.C*C.*.C..C*.**C.C.C*C.C***C***C.*.*.**C..*C.C.C.C**.C.C.C.C*C.C*C*C.*.*.C..C*C.C.C..C*C.C.C.C.**C*C*C.***C*C.C*C..C.C*.*.C**.C*.C.C*C**C***C*.C***C.C*C*******.C*C**C*C.C**.C***C**C*.C.C*C**.C*C*C*.
.*.C***.C.C**.C**.C.C*C*C.*C***C.*C***C*C.***.*C.C***.C***C.C*C.C***C*C*.**C*C.C**C.*C.C**.***..C*****.C*C.C.C..C*.***C***C...C.C*..C*.C.C*C.C.C.*.C.*.*C.C*C..C.C.C*.C*C**.C.**C**C*.C*C.*C.*.C**.**C.*C***C.C.**.C**.C****C..C.**C.C.C.**C*C***C.*C.*C.C*C.C.C****.*******.C.C*C.C.*.C.C*C.C.C.C**C.C.**C*C**C.C**C**.C*C**.**.C.*C.C.C.C..C.C**.C.C.*.C**C*C.*.C*C*C**.C.****.*.*.C**..C*C..C.C.C.C.C*C*C.C*C*C.C*C*C**C*C.*.C***C.C**.C*.C****.C.*C****.C.C*C.C.*.C..*C*C**.C*C*C*..C**C**.C.***.C.C.**C.C.C***C.C*C.C.*C.C**C.***C..*.*C..C*C*.**C.C*.***.C*C*C.C.C.*C*C.*C***C*C.C.*.**C.C.C**C..C**C*C.C.**C*C**C.C.*.****C**C.C.**.C**.C.*.C*C****C.C.C*C****.C*C.C*.C.C*C.C**C**C.*****.C*.C.*C*C.C.C.C.C.*.****C*C.C*C.C**C**C.C.C*C.**C*C****.C.*.*.C.C***C..*.C.C*C**C*C**.*****.C.C.C**C.**C***C..C..C.C*C.C**C.C*C.*C..C**.C**C*.C*C.***.C***.C**C.**C*C.C.C.C.*C*.**C*C.C.C**.*.*C
C.*.C**C**.C*C.C*C.***.C.**.C.***C*C**.C****.C.***C***.C.*.C.**C*C.C.C..C.C.C.*.*.*C***.*.C.C.*C**C*C.C.****C.*C**C.C*.C*C.C.C*C.**C*.C.*.***.**C.C**C.C**.C**C*C.C*.C**.C*C*C.C..C.*C*C.*C.C**.C.C.C*C.*****C.C******C.**C.*C*.C*C*C.**C*C*C*C*C.C.*C..*.C.*.*.C*C*C.C*C.C.*.C***C***C**.C.C.C***C*****C****C*.C*C*****.C*C*C**C.C.*C.C.C**C*C.C.C*C.*C**C*.*.C.C.C.C.*.C.C**C.C**C*..C*C.C.C*.C.C***C.*.C**.C.*.C*C**.C*.C*C.C*C.*.C*C.C*C**C*C.**C..C*C*C***C.C.C*C*C****.*.C.C..**C***C**C**C.*C**C.C.**C*C.C.**C.*.C.C**C..C.C.*C.*C*C*.C*.C*.C.C*C**C*C.C.C*C.C**.C.*.***.**C.**C*C*C*C.C.C.C**C*.C**C.***.C***.C.C*C*C.C.C*C****C**C.*C**C*C.**.C*C.*.**C*.C.C..C.***C.C**.C.C.*.C.*C.C**C**C******C*C*C.C**.C.C.C.C***C.C.C.*******.C.C*C.**C.**C.C****.C..C.*.C***C*C..C.**C.C*C*C.*.C.C**C.C**.C*C.C.**C.C*C*C.C*.C.C.C.*.C.C.C*C*.C****C.C***C.C.*.C***C.C*C****.C.**C***C.C.C***C.**.
*C*C*C..C***..C.C.C***C**C*C.**C.*C*C.C..C**C*C**C.C.*C.C.C*.C**.*C.C*.C*C.C.C*C*C*****C*C*C**C..C*C.C.C.C.C.*C.C.****..C*C*C.C*C*C.*C.C.C.****C***C..C.C*C.C**C.C.*C.C.C*C*C.C*.C*C..C*C.**.*.C*C.C.C*C.C.*C.C.C*.C*C*C.C.C.*.C.C*C.*.C.C****.C*C***.C*****.C.C*C.C.C.C**.C.C.**C.C.*.C.C*C.*.C.C.C*C*C.**C***C.C.**C*C.*C.C.***C*C**C*C.C*****.C.*.*C.C.**C.C.C***C.C.C.***C.C.*C.**C.C.C.C*.C.*.C****.C.C*C.C*C.****C.*C.C*C*C.C.**C******C*C.**C.C.**.C..C****C*C***C*C.C.C.C.*C.C****.C..*C**C*.C*C*C*C*C.*.C*C.C*C.C.C*.***C*C**.**C**C.C**.C.C.***C.*.C*C*C.C.C*C*C*C*C.C.C*C.*.*.C.C.**C.C*C.*.C.C******C..C**.**C.C.C*C*C..C**.C.**C.C..*****C**.C*C*C**C*C**C..C.C*C.C.C*C.C.C.C***.C*.C.***C.C..C.*.C.C*C***C.C*C*C*C.C*C.***C.C**C.C*C.C.C***C.C.C.**.C*C*C*C*C.C.*C**.C.*.*.C***C*C.C.*C****.C.**C***C.**C.**.C.C.C*C*C**.*.C.*.****C*C.C**.C*C*C.C.*.C.C*C.C**.C.C.C***C.C.C.C**C*C
C**.C*C*.*C*C.***..C*C.C**C*C.C.***C*C**C.C..*.*C***C.***.*.C*C.C**C**C.**C.**C.C*C.*C***.C.C.*C*.C.C.C**.C.C.*C*C.C*.C.**.C.C.C*C..C**.*.*.C*C.*C..C**C.C.C.*C.C**C**.*.*.C.C*.C*C.***C.C**C.C.*.C.C.**C*C..C.**.C.C*****C.*.C.C**.*.C.C.*C*.C.*.*C.C*.*.C*C**.C*****C.**C*C***C*C***C.C.*.C.C*C*C.**C*C.*.*****.C*C*C.*C*C.C*.C**.*C*C*C..C.C*C.C..C.C.C.C*C*C.C.C.*.C*C***.C*C..C.C..*.*.*.C.C.C..C.C*.C***C.****C.***C.*.C.C.**C**.C**C***C.C*C.C*.C***C*.C.C..C.*C..C.****.**C.C.***.C**C*.*****.C.**C.C.C*C.*.C.C.C.***C.C*.C.C.C.C.C**C.C.C*C.C**C*C.C.C.**C.*.C.C.C****.C.C*C**.*.*.C.C.*.C**C*.C*C.*C*C*C*.C*C.C*C*C.**C*.C***C.C.C.**C**C**C*C.C.C.C**C.**C**.C.C***C***C*C*C.C.C*C.*C**C.C****C**C.C.*.*.C**.*.C.C**.*.C**.C*.C*.C.C*C.C.C*C.*.C****C*C**.C**.C*C.C*.C***C.*C*.*C*.*.C.C*.C*****C.C***C.***.C.C*.C.*.C.**C.C**.C*C*C.*.C.C.*.C.C.*.C*C.***.C*C*C.C*C.C**C.****.C**..C*
*C**.*.*C*.C.C.C.C**C*C..C*C*C.C*.C.***C.C.*C*C*.**C.C*C*C.C.***.C.***.C*C.*C***.C*C..C**C*C.C.*.C*C.**C.***.C**C***.C.C*.C*****C..C*C.C.C**.C.C**C***C*C.C**C.*.C.*.*C.C*.***C.**.C.**.C..C.C*C.C.***.C*C*C.*.******C.C*C*C*C****.C*C.C**C..C.C*C..C**C.C.C*****C**.*.C*C.*.C*C.*.*C*.C.C.C.*.**C.C.C*C.*C*C.C.C**C*C***.C*C.C**.C.C.C*C.C***.C.C*.C*C.C.C..*C*C.C.*.C.C**C.C.C*C.*C.*C*C*C***C.***C*.**C*C.C.C*C.C*C*C**.C.*C.**C**C**.C*C.***.**C.*C*C***C*.C*C**.**C**.C*C.C**.C**C*.*.*..C*****C.***C.*.*.C*C.C*C.*.*C.C..*C****C*C.***..C*C.*.C.C*.C.C.C*C**.C**.C*C.*C.*C*C.C.**C.C*C.*****.*C*C***.****.C..C.**C.C*C*C.**.C.**C*C.C.*C**.C.*C.C*C.**.*.C.C.C*C.C*C*C.C.**C*C.C.C***C*C.*.*.C*C*C.*.C**.**C***C*C*C.**C.*C*.*C**C...C.C.C*C.**C**C*.*C*C.C..C.*******C.**.**C*C**.C***C.C***C*.**C***C.C*C.*C*C.***C*.C*C.C.C.*.C*C.**C.*C*.C*C.C.C**.C.C.*.C.C*C.**C.C.C.C.*C*C*.**C*C***
C*C*C.C.***.*.C*C****C**C*C*C*C.*C.C*C**C.C**C.**C.****.C*C.C.**C*C***C*C.C.*C*.C.*.C***C.C*C.C.C.**C.C*.C.C.****.C*C*C**C*.C*C.*.C*C*C.C*.C***.C*.C.C.C.**C..C.**C*C*.C**C.C.*C*.C.C*C**C*.C.C.***C*C****C.C*C*C.***.C**.C.C*C.*C**C.C*C***C**.C..C*.C*C.C*C.C*C.C.C.*.*.**C.C*C****C.*C.*.*.C***C.C.*.C**C.C.C**C*C**.C..C.***.C.*.C.C.*..C*C.C.*C*C*C.C..C**C.****C*C..C*C.C*C**C.*C.C.C.C*C.C**C.*C****.C.C*C.C.C.**C.C*C***.C.C*.C**.C.C.C.**C.C..C*.C*..C.C*C.C.*.****C.C***C*C**.C*C.C*.C.C.C.C***.C.C**.C.*.*.*C***C..C**C.*C.C*C.C.C*.C*C.C*C.**.*.C.*.C.C.C***C.*C.C..C.*.C.*.C.***C.C*C*C.*.C.*C*.C*C****C.C.C*C*C..C*C*C.C***C.C***C*.C..C*C*C**C*C*C.*.C.***.C*C.C**.*.C.C.C.C.C.**C***C.C.C*C***C*C.C.C.C.**C.C*.C.C.C**C**C**C*C.**C.C.C..C*C.C.C.C**C.*.C**C*C***.C****.C**.C.C*C*C**C.C*.C****C*C*.C.*C.C.*C.C*C.C.C*C****C.*.C.*C.*.C.C.*.C.***.C.*.C.C***C*C*C*C*.C**C.C*C**.C
*C*C.C*C.C.C**.C.*.C**.C.C.C.C*C*.C*C***.**C*.C.C.C**.C****C*C***C**.C*C.**C******C*.C*C*C.C.C*C.C.C**..C.**C.C*C*****.*C.*C.**C*C.*.C.C**C**C.****.C*C.C**.C*.C**.C**C*C**C*C*..C.C*C***.*C*C..C.C*C*C.**.*.C.C**C*C..*C*.**C**.*****.*.C*C*C.C.*C.*C**.C*C.*.C.C*C.C.C.C.**C.C*C*.C*C.*C*C*C.C.*.C*C.C.*C.C*C.C*.*.*.C.*C*C.C.C.C.*.**C*C*.C***C.*C.**C**C**C**C.*C*C.*C.C*C*C.C..***C.*.C.***.******C*C.*.C.*.C.**C*C.C*C..C*C.C.C.*.C*.C*C.C.C****C..C**C******C.C.C.C*C.C*C*C.C**.C.C*C.C..C.C.C*.C*C.C.C****.C*C***.C**C**C*C*.*.C*C*C.C*.C.**C*.C**C*.C***C.C*C*C*C**C*C*.C*C.C*C*C*C..C.C*C.**C*C**.C*C..C**.C.*.C.C*.C*C.C.C.**C.C**.C.*C.C..C.C..C*C.C*C.**C.C*C.C**.C****.**C.**C**C**C.*.***.C.C.C.*.*.C.C.C.*.*.*C.C.C**C.C.**C.C**C.*C***.C.C*C**.C**C.C***.C*C*C.C**C.C.*.C****.*.C.C.*C**C.C.C..C.C**C**C*.C**.C.**C*C**C*C*C.C*C**.C..C*C.C.C.C.C.C*C*C..C***.C*C**C.*C.C**.*.*.
C.C.C.C.C*C.C.C**.**C.C*C.**C*C*.C.C.*C*C.C.*C*.*C.*.C.C*.C**.C*C*.C.***C.C***C.**.C*.C*C.C*C.*.C**.C.*C*C.C.C.*.*C***C***C.C*C.**C*C.C.C.***.C*C*C.***C.C.C.C*.C*C*C*.C.***C.*C**C.C.C.*C**C*.C.C.C.C*C.C..C.C.C.*C*C.C..C.*.**C.*.C.C.C.C**.C.***C..C.*.C.***.C.*.C.C*C****.**C*.C*C.C***.C*C.C.*.C**.C*.C.C.**.C.*.C.C..C.C*C*C.C*C.C*C*.C.C**.*C.C.C*.C.C...C*.C.C*.C.*.C.C.C..C.*C**C**C**C**C.C.*.C..C**C.C.C.C.*.C.*..C**.*.C*C.C**C**.C*C.*C.C.*****.*C**.**C*C.**C.C.C.*.C**.C.*.C*C*C..C.C.*C**.C*C.C.*.C*C..C.C.C.**C*C***.C.C**.****.C*C..C.*C..*.C.C.C.*.*.C.*C.C.C..*.C.****C**C.C.**.C*.C.C*C***.C*C.C.C*C*C.*C.C.*.C**C*.C.C.C*.C.C**C*C*C*.C.C.C**C*.C.C*C.C**..C..C.C*C.C.C.*C***C*C.C..C.C***C.*.C.C.C*C**C.C.C..C***C*C.*.*C*C...C.C.C.*.C.C*.C*C*.C.C*C*C**.*C.C.***.C*C**.C*C.**.C**C*C**..C*.C.**.C**C.**C**.*.*C*.*****C.**C.C.*C*C*C***C.C.C.C*.C..C.C*C.**..C**.*.C*C*C
.***.C.**C*C*C*C*C.*.C*****C*C.*C*C.*C.C.*.C***C..C*C.C*C..C.C***.C.C*C**C**C.*C.*C.*C*C*C.C.**C.**C.C**C.C.C.C*C*.C.*******.C.C*C.C.C***C.C.C.C.C**C.C*C*C.C.*C.C.C*.C..C*C.*..C*.C*C*.C.*C**C.**C***C.C*C*.C.**C..C.C**C.C.C.C*C*C.**C.C.*.C.C.*C.C**.C**C.*C..*.*.*.C*C.C***C..C.C***C.C*.C.C.*.C.C.C.*C*C.C.*C*C.C.C.C*.C*C.C.C*C.C**..C.C*C*C**C.C..C*C*.C.**C*C..C***C.C*C**C*C..*C..C.C.**C.***C**.C**C*C.**C.C.*****C*.*C*C*C*C*C.*******C..C..*.C.*C*.**C*C.*****.C.C.C.C.C*C*C*C**.*.C**C****C.*.C.C.***.C.*C***C.C****.C.C**C*.C**C*C.*C..**C***C*C*C.C*C.C***C.***C.C.***C*C*****.C.C.C.*C***.C.C.C****C*C*C*C.C..*..C*.C**.C*C.C.*C.C.C.**.C.*C*C.C.C..C*****.***C.C*C.*C**.C*C*C..C.*.*.C*C**C.**C.**C*C.**C*.C.*.C**C****.*.C.C.***C*C.C***C.C.C*.C.C**C*C.C.C***C*.C.**C.C*C.C.C.**C.C**C***.**C**.C.C**C.C..C*C*C*C.C.**C.C*C..C*C.C*C*.C.***.C*C****..C*C**C**..C.C..C**C**C*C.
***.C.C.*.***.C*C*C.C.C*C*C*C*C*.C.*C*C*.C***C**C*.C.C.C.C**C..C*C.C*C*.*.*C.C*****.C**.C.*.*.C*C.C.*.**.*.C*C...C**C.*.*.C**.C***C.*.*C.*C***C.C*C..C*C.C.C.*****C.*C..C*C.C*C*.C**C.*C.C*.C.*C*C..*..C..*.C*C.**C.***C****C*C**.C*C.C*C.C.*.C*C**.***C.C.**C.C*.C*C*C.***.*C...C*C.C.C.C***.C.C**.C****..C*C*C***.**C*C**C.*.C.C.***.C*C*.C.C*C*.C.**.C*C.*C.C***C.C**C**.*.C..C*C*C*C..C*C*C*C..C.C**.C.C*.C.**C.C.*.C..C.*C..C.*.C***C.C.C.**.*C**C.**C*.C*C**C..C.C*C**C.C*C.C***C.C***C*C.*C..****C.C.C*C*C.C*C**C*****.C*C.**.C*.*C***.C.C.**C**.C.**C*C.C*C*C*C*C*C..C.**C*C..C**.C*C*.C*C.C*.*C.C.C*C.C**C.*.C**.C.*C*C*.C*.C*C*C.C****C*C*C.*C..*.C.C.C.**.C.*.C*C*****C.C**C.C.C.C.C**C*C***C.C**C.*.C*C****C***C*C*C.***C.*.C.C*C.*C**.C*C**.C*C.*.C**C.***C*C.*.C.C****C.C**.C.*.C.C*C**.****C.C*C*C***C.*C.C*C*.C.C***C**.C***C.C**C*..C.C*.**C**.C.C*.C*C*C*.C.C**C*C.C**.C..C.C.C
*C*C.***C.*C*C***C.*.C.C.C.C.C*C****.C.*C.**C.*C*C**C.C..*.***C***C*C.*C.*.*C*.C.C***C.C..C.C*.C*C.*****C*C**.*C.*.C*C.C*C.*.C.**C.C..C.C..*C..C**.C..C**.C..C**C..C**C**C.C.*.C**C***C.C**C.*.*C*.C*C***C*C***C.C*.C.C**C.C.C*C.C.***.*.**C.C.C***C.C*.*.C**.C*.C**.C**C***C.C.C.C**.***.C*.C*C.C.C***C*C.*C**.*C.C.****C*.C*C*C.C*.C*.C.**.C.C.*C***C.*C****C****.C.**.C*.C***C*C...C***.C.*.**.C.C**.C.C.C*.*C**C.**C*.C.C**C***C*.C*C.*.C.C*.C**.**C*C***.C.*C*.C*****.C.*.***.C.**C.*C**C.C.**C*C.C*C********.*..C*C.C.C*****.C..C.C.*C.C.C**.**C.C.C*C.C*C***C.*.C*C.*C.C**.C*C********C**C.C.**C**.C.C.C..C.C.**C.***C.C*.C**C.C*C.C*C*C*.*.C*C*.*C*C.C*C.C*.C*C.C.C..C*C*.C.C*.***.C.C.**.**C.C.C.*C.C*C.C..C*C*C*C*C.C.C*.C*****C*C.C.*C***C.C.C.C*C*C.C.*C.**.C.*C**C**C*C.C**C**C*C*C.C.C.**C*C.**C*C.C.C*C.*C*C*.C**.C*C.C.C*C*C.C.**.*C*.C.C.C****C*C..C******C*C*C..C*C*C.C*****.**
C*****C*.C..*..C**C.*****.***.C.*.C**.*C*C.C.C**C*C*****C*C.**.C***C*C.*C*C.*.C******.C..C*C*.C.C.C******C..*C**C.C*C.C.C.C.C.*.C*C..C.C*C.C*C.*C.C**C.*C*.C*.C**C*.C*.C..*.C.C*C.*C.C*C.*C**.C***C*C*C*C.C***C.C**C.C.**.C.C**.C.**C.**C**.C***C.C*C.*C*C*.C**.C.C.C**.*C.C***C.C.C.C*C.***C*C.C*C.*.*.**C*.C.C**C*C.C**..C***.******C.*.*C*.C.*C.*C*.C***C.*.C*.C***C.C..C*C.C*C..C**.C.C.C.**.C*C.**C*C****C..C**C.*.*C*C*C*.*.C*C.*C.C*C***.C.C*C*C*C*C.C.*.C**C*.C**.C.C**C**C.*.C*.C*.C*C.C**.C*C*C*C*C*C.*C*C*C.C*C.C..C*C.C*C.*C..C*C.C.**C*C.C*C.*******.C.C.C.C.*C.C.C.C.*.C*C****C**C.****C*C.C.C.*.******.C**C*C.C..C*******.C.C.C.*C.C***.C*.C*C.C.*..C**.C*C.*C*C*C.*C..*.C*C.C.*C.C.C.*.C.**.*.C.*..C*C**.C**.C.C..C.C.C*C*C*C**C*C.*.C.C.C.C.****C***C*C..C**C**C*C*C.*C..C.*.C.*.*.C***C*C*C*C.C.C.C.*C.C*.*.C*C*C.*.*.C*C.C***.C*.C*.*.C*C*C***.*C*.***.C.C**.C**C**.*..C.C.**C
.C*.C***C*C*C.C***.C.C*.C**C*C.C*C.****.C.*.C*C**C.C.C.C.C*C**C*C**.C.C.*C.C**.C*C*C.C.*C.C.C****C.C**C**.*C*.C.*C.C*C**.C*C.C.C****C*C.C.C.C*C**C.C.**C*.C*.C**C**C..C.C*C..**C*.C.C.C**C.*.C*C.C*C.C**.C.**C.*.C.*C*.C*C*C.*.C*C.**C.C*C.C.C*C*C.C*C*.C.*C*C.C**.****C**C.C**.C*C..*C.C.*C.****C.C.C**C**C***.C***.*.*C.C**C*C.C*C***C.C.**C****C...C.C.C.C*C*.C*C*C.*.*C.C.C*C..C***C.C.C*.C.C.C.*.C...C.C*.C.****C.C.*C*C.*C.C*C***.C****C*C*C.*.C**.C.C*C.C..C*****.C.C.***.C*****.C.C**C.C.C*****C****.C*C*.C**.C*C.C.*C*C*C*C*C.**C.C.C.C.C*C*C.C**C*.C.*.C*C********C.C.C.C*C.C*C.C**C*.**C.C.C**.C.C*C.C****C.***C.C.C**C****.C**C*C.*C.C**C.C.C..C*C**C.C.C**.C**C.C.C.*C**C*C.**C.C*.C.*.**C***C..C*C**C*C.**C*.C..C.C***.C*C***C*C.*C*C*C.****C.C*.C**.C.*C.C*.C.*C..C.C**C.*C.C.C.C*C.***.C.C.C.*.C***C****C**C.C.C*C.C.*.C*C.C**C*C*C.**C*C*C.C.C.*C.*.C*C.C.C.*C.*.C*C*C*C.*C.C*C*
***C*.C***.C.C.*C.**C.*C.*C*C.**C**.C.C*.C*C.**.C***C*C.*******..C*C***C**C.C*C.C.C.C.C.*.*C..C*C*C***.**C*****C*.C.C**.*.*.C*C**C*C*C*C*C*C*.*.C.C*C.C.*C*C.*.C.***.C*C.**C*C*..C.C*C.*C*C.C.C.***.C.**C.C*C*C*C*C.******C.C.C*C*C.**C.C.C.*.C*C**.C.***C*.C*C*C.C.C.***C*C.**C.C**C.*C*C..*****.C.C.C.*.C.C.*C.*C.C.C.**.C*.C*C.C*C.*.C*C*C*C.*C.C*C*****C***C**C.***C***C*C..**C*C.C.C*C.*C*C.C.**C.*C**C.*C.C.****C.C*.C.C*.C.C.C.C.**C**.C*C.C***C.C.****C.*C.C.**C*.C*C.C.C*C*C**C.C.*C**.C*C*C.C*C*C****.C..C.C.C*C..C.C*C.C.**C.C.C**.C.*.C.C*******C**.C*C****.C***.C*C.C.C.C.C..***..C.C.C.C.*C..C*C.C.C*.**C****C**..C.C.C.C*C..*.**.C*C..C*C*C**C.C..C.C.C**.C*.C**.***.C.C.C**.C.C..C*C.C.**C.C***.C.*.*C**.C**C*.C.C**C*C*C.C.C*****.C*C*C*C.C.*C.C*C*C..C.*C.C**C.*C.*C**C.C.C.C*C.C*C*C**.*.*.C***C*C.C*.C*.C.**C.C.*.C.***.C.***C.C.**C*C*C.C.C*.C.C*C.C.*.C**C.C*C.**C*C*.C.*.C
*C...C**C.*.C*C..C*C..C*C***.C**.C.C.*******.C*C.C.C**.C.*.*.C.C.**.C.C**C.C.*.C***C*C***C.**C**.C****C*C.**C.C.C**C.*.C***C*C*C..C.C.C.*.**.C.C.C**.C*C..C.C.C*C.C*C*C.C.**C.C.C*C****C***C.C**.C*C.C.C.C.**C**.C.C.*.C.C.***.**C.C**.C.C.***.*.*.C****C.*C.C.**C*C*C.*C*C.C.*****C.C*.C.C**.C.C**C*C.C.*.C**.**C*C*C*C.C*.C*.*.C.C*C.C****.C.*C***C*C**C.*C*C.*C*C.***.C*.*.*C*C.C*C.*.C.*C*C.C.C.C*C**C*.**.C.C.C**.C*C.*C.C*.C.C.C.C*C.C.*.C.C*C**.*****.C.C.*C.C.C***.C.C.C.*.C.C.*C*.C**C*.C.C*C.C.C***C.**C*.C.C.*.*C.C.C.C.C.****C*C.*..C**C..C*C*.C**.C.***.C*C**C*.***C**.C***.C*C**C**.**C.C**C*.*.C.C..C.*.C.*C*C.C**C.C*C.***C.C*.C*C*.C.C.**.C*C**C...C*.C..C****C*C*C.C***C*C.C*.C.C*C**.C.C**C*C*C*C**C.C.C.***.C.C..***.*.*.C.*****C.C****.*C.*.C*C.C***C.C*C**C******C.*.C.C.**C.*.**.C*C.***C**.C.C.*C.***C.C.C**.C***C.**C*.C*C.C*C.C.C*C.C*C**C*C**.**C*C..C.*.C.C.**.**C.C.
C.*C***C.C*C.C.C.*C..C.C*C.C*.C.C.*.C.C*C.*.C*C.*.C.C***C*C.**C*C**C.C.C*.C**C*.**C.**C.*.C.C.C*C*.C*C*C.*C*.C*C.C*.C.C.**C***C.C.*..C.C*C**C*C*C.C.C*C.***C.**.*C.***.C.C.C*C.C*C.**.C.C.****C.C.*.C*C.C..C.*C.C.***.*.***.C.C**.*.C.C.C.C.*****.****C*.C*.C.C.C.C*C.C.**.C.C***.C.**C.**.C.C*C.C**C.C**.C.**C.C.C*C*C*C.C***C**.C.C.C.C.*C*.C*.C*C.C*.C*C..C.**.*.C.C*C**C*C..C**.**C.**C..C.C*C*..C..C**C.C**C*C.C.**C**C.*.C*.*.C.**C.*.*C****C.*C.C*.C.C.C.**.C.**C.C*.C*C.C.C.C*C***C**C.**.****C.*.C.***C*.*C.C*C*C*.C**.C.C**.C******C*C***..C.C*C**C.C.*.C*C.C.*C**C.C.*C*C.*C.C.C*.C*C.C**.******C.C.***C*C.C*C..C.C.C*.C.C*C.C**C.C..C..C***.C*C.C..C.*C**.C*.C.C*C***.C.**C.**C.C.*C*C**.C*C*C**C*C**.C..C**.C.C.C.C.*.C*.C***C****.*C.C***C.C.C**C*C*C.**C*C.*.C*********C*C**.C*C*C*C.C*.C*C.C*C..***.C.**.**C**C.C.C*C.*.C*C**..C.C*C.C.*.C.**C.**.C****.C.C.C*.C*C*C***C**C.**C.C
.*C**C.*C**.C.**C.**C*C**.C.C.*C*C.***.**C.C.C.*C**C.C.C.**C*C*C.C*.C.C**C**.*C.***C**.*.C.C.C*C..C*C.C.****C.C.C.C**C.C***C**.C.C.C**C*C*.C***C.C.**C..C.C*.C*C.***.C***.C.C.**C.C*.C****.C**.C**.C.**C*.C*C*.C.*.C*C.C.C.*.C*C.C***C*C.C*C*C*C.C.C.*.*..C..C**.C***C*C.C..C..C*C.C*****C.*..C*.*.C.C.**C.C.C.*.C.C**.C*C.**C**C.*C**.*.C.*.C*C..C.C.****.C*.C***C*.C**.*C.**C*.C.C*C*C***C.*C.C.*C***C**C.C.*C*C*C***C*C*******C.C**C.*C*C**.C.C.C.*C*.C*C*C.C.C**C.C*C.*C.C.C.C.C.C*C*****.C*C****C.C.C.*.*C*C******.*.C*.**C.*.C.C.C*C**C**.**C*C.C.C.C****C.C**.***C.*C.C*C..C**C**.C**C.**C*C*C.**C.C.C..*.C*C.C.C.**.C.C*.C.C.*.C*C*.C.C***C*.C*C.C.***C**C*C*C**C.C***C.C*.C*C.***.C*C..C*C*C**.C.C.**..C***C**C..C****.C.C****C*C.**C.C**C.*.C.C*C*C*.*.**C*C****.*.**C***C**.C.C.C.C*C.***.*C*C.***.C.C.*C.C.*C.C***.**C*C*C.*.C.*C.C**.***..C*.*.C..C.C.C.*.C*C**..C***C**.C*.C.C***C.
C.**C.*..C.C.**C.C*C.C*C*C.**C..C.C.C*C****.C.*C..C.C.**C*C*****C****.*.C.C*C.*C.C*.C*C*C*C*C.C.*C.C.**C.C*C****.C*C*.C.C.C.C*C*C.C.C..C*.*.C.C.**.C**.C*C..C*C*C.C.**C.C**C***C.C.*C**.C.C.C*C***C.C.C.*C.C.*C**C*.C*C.C.C.C**.C.**C**.*.***.C*C.C.C.C*C**C.***C*.C*.C**.C.*C**C*C.C.C***C*C.*.C.C.C***C***C.****C.*.C.C.*.C**C*C***.C.*.C.C.C.C*.C..C.C*C.*C*C**..C**C*C.C.C.C*.C**.C*C.C*C.**.C.***C**C*C.C*.C*C.*.C.C.C.*.C.C*C**C*C.*C*.C**C.C.*C******C.*.C.****.C..C*C.*.C**.****.C.C.C.C.*C*C.C.***.C..C.C.C.C*C.*******C*C*C*C.*.*C.C*C***C.C*C.***.C*.C*C*C**..C*.****C**.*.**C*C.*C*C...C*C*C***C.*C***C***C.C.*****.C*C.C*C.****.**C.C..C**.C*C.C*.*C.C.C*.C.C.*C.*.*.C.**C.C.C.C.C..C.C.C**.C*C.C*C*.C.*.C**C.*****.C**C*C.C**.**C.C..C*C*C**.C*.C.C*C.*.*.C.C.*.C**C*..C.*C.C.*.*.****C**C*C*C*C*C.C*.C*C.*C*.C*C**.C*C.C**.C.***C*C.C.C***C*C*.C.C.C*****C*C**C*C*C*C.C**C*C.C.C.C
*C*C*C.C.**.C.C.C.*.C.C*C..C**C*.C.C.C**.C*C.*C.C**C**.C.C.C***C.*C**C*C.C.C.C******.**C.*.**C.**.C.C*C.C.***.C*C*C..C.C**.*.C.C.C*C*C.**C.C.C****C.C.C***.*****.C.C.C.*.C**C.C.*.*C***C.**C*C**.C**.C**C*C*C********C***C**.**C.C.**C*C.C.***.C.**C.C**.C**C*.C**C*C*.C.C*.C..C.*.*.*.C.C.**C.C.C*C*C.C.C.**C.**C.C.C*C.*.C.C..C*.C.*.C*C**.C****C.C*.C***C*.C.C.C.*C*.C.*.C.C..C.*C*.C**.C.C*C**C*C..***C*C***.C.C.C**.C*C**.C*C.*C.C.C.*.C**C*C**C.C*.C*****C.**.C.*.C.*C.****C.C.C**C.C****.C*.C.*.C***C*C.***.*.***C.C**.C..C***C.*.C**C*.*.C**C.C.*C**C**C*C*C*C.C**.**C.C*C.C*C.***.C****.C***.C.C.C.*C.*.C.C.C*C.*.C**.***.***.C****C*C..***.C*C.*.C**C.**.C*.C.C..**C.C.C*C*C****.*.*.C.**.C..C..C*C.C.*C*C*C.C***C***C..C**C.C.C.C.C.C*.C*C*C*C*C.C.**.C.*.C*C.C*C.C****C*C*C..C.C.C.C.C.C.C.*C*C**.C.C*.C*C.*C.***C.*C*.C*C*C.C*C.C**C*C**.*C.*C..C.C*C.**C*C.C.*C.**.*C.C..C.C**.C*C*
*.C.C*C.C**C.C.C.*.C*C*C*.C*C.*.C**.C.*.C****C*C.*C*C*C.C**.C*C.C..C*****.**C.C.C*C.C**.C*C.C.**C**C***C.C***C.C.C.*C***C.C.C*C***C*C***C.C*C*.C.*.C.C****C.C.*.C*C**.C.*.C*.C*C.C*.***.C*C.C.*.C.C*C..C*C.***C.C.C.C*C.**C.C**.C*C*****C.*C..C***C.*.**C**C..C.*C*C.C**C**C.C**C*C*C.*.C.**C*C*C**.C.C.C.C.C.C*C.C.*.*.C*C*C.***.C.C*C.C.**C**C**.C.**.C.*.C**C.C.C*.*..C.C*C.*C.C.*.C.*.**C.**C*.C*C****.C..C**.**C.C**.C.C.C.*.C*.****C*C*C*.C*.C.C***.C***C*C**C*C***C**C..C.**.**C..**C.C*C**C*C***C.C.C.C.C*C*C.*C.*.C.C.C*.**C*C*C..C..C.C*C.***.C.C.*.*.C.*.*.C.C.C.C*C*C**.C.C.*C*.C.C.C.*.C..C*C*.C*C*C.C*C*C*C.C.**C**C**C*C**C.**C.*C*C*C.C*C**.C*.C*.C..C.C.*C***C*C.C.C.***.C.C.C*C*C..C.*C**.*.**C.*.C.**C*C*C.C.C*.C*.C***C.**C..C.C...C.C**.C*C*.C**.**C.*.**C..C.C***C**C.C***C.C.C.C..C*C*C*C.*C*C*C.**C.C.*C*C*.*.*.C*C.******.C*C***C..C***C*C.C.C*C.C*****C**C.*C*****C.*.C
*C.C.C.C.****.C*C*C.****.C**.C.C*C.*.*.*.C**C******C.C.C.C*C.C*C.**.***C**C*.C*C*C.C.*.C*C*C.*C****.C*C*C.C*C.C.**.C**C*.C.C**.C.C*C*C.C.*.***C*C.C**.C****C***C*C**.C*C.C*C.*C.C*.C*C.*.C.C.C*C*C.C.*C*C.**.C.C.*.C.C*C.C*C*C***C.*.****C**C**.C*.C**C***C..C*C..C***.C.*C.***C.*.*.C*C.*C..C.C*C*C***C.**C.C.C.C*.C.C***.C.C.C*C*C****.C**..C.**C..C.**C.*.*..C*C*.**C..C.C..****C***C*C.C*C.C.C***.C*C**.C****C*C*C.*.C*C*C.C*C**C*.C*.C.*.C.*.C***C.C**C.C*C.*C.C*.C***C.*C*C*.C.C**C.C.C*C.**.C.*.C*C.C.C*C*C.C*C..C.C*C*C*C.C*.*.C.*C**C.C.C.C.C.*.***.C*C*C**C*.C*C*C.C**.**C*C**C**C***C*C*C*C.*.***.C**.C*C****.*.C.**C.*C**C.C.*C.C..C*C.C.**C*C**.*C**C.*C.C*C**C.C.C*C**.*C**C.**C***C.C*.C.*C.C.C*C*C.*******.C.C.C**.*.C.C*C.**C.*C*C.*C.*.*C.C.C.*C.C*C*C*C.C.C**C*C****.C**C.C**.*.*.C*C*.C*C.C.C*.*.C*C.*.**C*.C**C*C*****C.*C.C*C*C.C.C*.C*C.C.C.**C**.C.C*C*C****C.*.C*.C*C*C*
C*C.*.C.C*C*C..C.C*C.*.C.*C*C*C.C.C*C.C*C*C**.C.C.C***C*C**.*.**C**C*C*.C***C.****C.C.**C***C**.C*.C*C***..C*C.C.C*.*****.C***C*C.C*C*C*C.*C*C*C*C.C.C.C.C.***C*C.C.C.C.**C.C*.C*C*.C**.C.*.*.C.C***C*.C*.C*C*C.C*C.****C****.**C.C*C.C*C*C**C.C.*C**C*C.C..C*C.*C.C*C..C***C.C.**C*C.C*C.*C*.C*C*C.C.C*C*C.C.*.*.*C**.C*C*****.C.C***C.C.C**C.C*C*C**C***C.C.C*****C*C.C*.C.*C*C.C**C*.C.C*C**.C.*C*C.*.C*C..C.C*C*****C.C**.C******.C***.C.C.C*C**C.***.*.C.C*C**C*C*.C****C*C***.C*C..C*C.C*C*.**C.C**.C**.*.C*C.C*C.*.*.***C*C.**C.*****C.**C***C*C.C.C*C*C.***C..C*C**.**C.C***C.**.C.*C.***.C*C*C.C**.C.****C.*.C***C*C*C*C*.C**C**C.**C**C**.C.*.C.C.C**C*.C**C*C*.C.C.C*C.C.*C*.C.C***C.C.*.*C.C*.C*C.*.C.C******.C.*.C.C.C.C*C***C*C**C*C..C*C*C*.C**.C*.*.*.C*C*C*C.***C.*.C****C*C*C.*C.****.C****.****C.*.C*C*C*C*C**C*.C..C**C.C.**.C.**C.C*C..C**.C*C.***C*.C.*.C.C.C**C.C*.C.C***C
.*.C.C.C*C.C**C***C*C.C*C*.C.C*C*C.C.**C.C*C*C.**C.*C**C***C.C*C.C**C.*C*****C.C.C*C.**C.C.C**C**.C.*.*C*C*.C**.***C***C*C*C.C.**C.C.C.C*C*.C****.C.C*C*C*C.****.C.C.C*C.C.C*C.***.C***C**.C**.C*C.***C..C***C.****C****.*C*.C.C***C*C**.C.**.C*C...C.**C.*C*C.**.C.**C**C.C.C.C.C.C.*.C*C.*C.*C.C.*.C.**C.C.C.C*C*.C**.C*C.C.C.*C.C.C***C.C**C.C.***C*C*C*C****.C.****C.*C*.*.C.****.*C.C*C.C***C**C***C*C*C****C.C*C*C.**C.C.C*C.*.C.C.C*.C*C.**.C.*.C.C.C.C***.C.**C**C*C**C.C**C.C.*C.C.C.C.*C.C**.C***C**.*.***.**C*C.C.C*.C..**.C*****.C**.C**.C.C*****C.*C.C.*C.C.C*C.C***C.C.C..C.C*.C*C.*.C.C*C*C.*.C*C**.C**.C*C.C*C.**.C**C*C.*C*.*C*.C.C.**C.C.C*C*****.C.C**C.C.C.**C**C*C*.C.C.*.C..C*C.C.C..C*C***C.C.C.C.C.*C*****.C*C*C*C.*.***C*.C.C.C*.C***.*.**C.C**.C.***.C..C.C*.C.C*C*C.*C.C**C.****C.C*C.**C*C**.C.**C.C***C.*C*C..C*C*C.*C****.C.C**C.C.*.C*C..C*.*.C.C.C**C..*C**C.C.C*
**C.*.C.C*C.**.C.*.C.*.C*.C.**C.*.C.C**.*.C**.C.C*C**.*.****C**.C.C*.**.*C**C.*.C.C.C.C.C**.***C.C*C.C**C.*C*C*C..C*C.*.C.C*C.*.C*C.C*C.*.C**C***C*C*C.C.**C.C*.C.*.C.C.C.C.C**.*C..C.C**.C.C.*.C.C**C*.C*C*C***C**.*****C.*C.C.C***C*C.C.****.C.C.C*C.C.C*.C*C**C.****.C*C*C*C.***.*******C*C*.C.C.C.C*C.C.C*C.C*C*.C.C*C.C.**C*.C**.C.***.*****C*****.*.**C.C.*.C.C.***.**C*C.*C.C*C..C.C.**C***.C.C.C..*C.*C*C*C*C.**C.C***C*C*C.C.**C**C.***C***C.C.*.C*C.*C.C.**C.*C****C***.C****.**.C.**C*****.C*C.C.**C**C*C*.C*C.C*C..C**C**C*.C.C*C.*C***.C.C.C*C.C***.C**C*C*C.*.C**C*.**C**C.C*.C*C.C.C*C.C**.C.C*C.C.*.C***C.C.C..C.C***.C.*C*.C*.C**C.C*C*C**.C***C..C*C.**.C*C.**C.C*.C.*C**.**C**C.C*C*C.C****C*C.C*C*C.C*C***.C***.**C**.C.C*C...C*C.C.*C****C.C.C*C**.C***C*C****.**C*C.C.C.**.**C..C**.C*C.C*C.C.C*C****.C*C*C.***.*C.C***.C**C***C*C.**C***.C.C**.C..C**C.C**.*C*.C*.C**C.C.C
C****C.C*C**C*C*C***C.C*C**.C.*C.C*C.**C.**C**.C**.C.C*****C*C*C.C.*C*C*C*C***.C.C*C*C.C*C*C.C..C*C.**.C*.C**.C.C***.C*C.C*C.C.C**.C*C.C.***C.C.C*C.C.C.C**.C**C.C**.*****.C*C*C**C*.C***C.**C.****C.*C***.C.*C**C*.C.C.C.**.C.C*C*C.C.*.C.C.*C.C.*.***.C*C.**.***.C*C.***.C.C.***.C.C*C*C..C.**.*.*.*.***.C**.C**.C*.C**.C.C.C****C.C.C*C.*C*C*C*C***C**C*C.**C.C*C*C.C.C.C.*****C*C*C***.C**.C**C*C****C.*C*.C***C..C******C.*.*.C.C.*.*.*C*.C.C.C*C.C**.*.***C*C*.**C.C..C.****.C**.C.C*.C*C.*C*C.C*C*C.C*C.C.*C..C*C.C*C**C*C.**C.*C*C.C******.C.C*C*C.*.C*.C.*C.*.**C.*.*C**C.**C*.C*.C*C.C.C.*.*.C**.C.*.*.**C.C.C**.*.*C*C*.C.*.C**.C**C.C*.C*C*C*C**.C.C.*C*C**C.C*C.****C.C.***.C.C.C*C..C*C.C.*.C**C*C.C.C*C**.*.*C.C.*C*C*C.C*C*****.C**C*C..C**C.C*C*C.***C.**C*.**C.C.C***C.C.*.C**C.C.C.*C.C*C**.C.*.C*C**.C.C.C.**C.C.C*.C*.***.C*.C.C***.C..C**C.**C.**C**C..C*C.*C.*C.C*.C*.C.C*
.C.*C**.C.C..C..****.*.C.C.C.C**C.*.C.*.C.**C.***.*.**C.C****.C***C*.*.**C.C.*C*C.*.*.C****.C*C**C.***C.*C.C****..C****.C.*.C.C**C*.**C.*.C**C.*.C.*.C****C**.C.C*C***C.C.C*C.C.****C.*.C**.C.C*C*C.C.***.C.C***C.*C****.C.*C**.*.C.C.C*C.**C..C*C*C.C.C*C.C*.C.C*C**.C*C.C.C*.C**C***C.C*C.*.C***C*C.**C.C.*.C.*C**.C.**C****.C.C**C.C.**C*.*.C.C.*C.*.C.*.C.C.*.C**.C.C.C.C.*C.C.C.C..C.C*C*C.C*.C.**.C*C****.C.*.*C***C**C.C**.C*C.*.C.C**.C*C*C.**C.**C*C*.C*C*.C.C.C**C.C.C*C.*C*C.*****C*.**C*C.C**.**C.****.C****C.***C***C*C..C.C**.C*C.C.**C*C*C.*.*.*C***.*C*.C*C*C*.C***C**C.*.C.C.C*C.*C*.*.C.C.C*C*C****.**C****C..*C*.C.C*C*C**C.C.C**C*C.**C.*.C****.***.**C.C*C***C.*.C*C**.C*C.C..C**.C.C..C.C.**C*C*.C*C.C*C*C..C.C.C*C*C***.C.***C**C**C.C**.C*C.C**C*C.**.*.C**.C*C*C.C*C**C*C.C.C*.C**.C*C*C**.*.*.C***C*C*C.*****C.*C*C*C**C.C.*C.C*C**C.*.C**C.**C**C**C**C.C**C.C***C.C*C
**C*.*.*.**C***C.C.*C*C.C***C***.C.C*C*C*C.**C.C.C*C*C*C.**C******.*C*C*C.C*C*.C**.C.C.C*C*C*C*C..C*C**.C*C*C*C.C.*C.C.*.C.***.C*.C.C*.C**.C..C*C.C*C..C.C*C.*.C.C.C*C**.C.**C.*C.C*.C.C.C.C**.C*C*C*C*C*C.C.C*C**..C*C.C.C*.C*C.C.*.C.**C.C****C.**C***C**.C*.C.C.C.C*C.C.***C*C*.*.C.*.C*C.C.C**.C.C*C.*.C*C**C*C.C**C*.C**.C.C.C.***.C*..C*C.C.*C.C.C.*C..C*C*C.**C***C.C.*C.C*.*C.*C****.C.C*C..C**C.*.C.C*C.C.*C.C*C*C..C.**C.**C.C*C***C.*.C.C.C.C**.C.*C.C**C.C.*.C..C*C*.*C..C*C.C**C.*C*C.****.C.C*.C***C.**C.**C**C.*.C.C..C*C*C**.**C******.**C.C*C.*C**C..C**C.C.C.*C.*.C.*C*C.C.C*C*.C*.C.C.C.C***C**C.C.**.C**.**C.**C.C.*.**C..C*C*C*.**C****.C***C.C****.C.*****.C*C.*.C***C.C*C*C**.*C.**C..C**C***.*C.C**.C.**C*.C.*.C.C*C*.C.C**C*C.**C**.**C***C**C*C.**.C.C.C.*.C*C.C.*.C**C.**C***..C*.**C*C.C.C.C.C*C.**C.C*C**C*.C*C**.***C.*C.C.C.C.*C*C*.C*C.**C.*.C**..C.C*.C.C.***.C.
***C**C.C.C.C*C.C*C.*C.C..C**.C.C*C**.C*****C.C.C.C.C.*.C.C.C.C.C****C***C*C.****C***.C.*.C.*.*.C*.C*C*C*C.C.****C*.C.C.C***C.***C.C.***C.C**C.C.C.C*.C.C*C**.C*C****.C*C.C*C*C*.C**C*****C.C*C*C**.C.***.C*C.C*C.C*.C.C*C.C*.C**.C**.C.C.C.C.***C.C*****C****C**.C.**C.C**C.C.C.*C.C**.C.C****.****C.C.C.C.*.****.C.C*.C.*C*C.C.C.C.C.C.C.C*C.C..C*C.C.*C.C*.C**.C.C.C*C*C*C**C.*C**C*.C.**C.**C*C.*.C.C.C***C*C.**.C.*.C*C*.*.C*C*C**.C.C**.C.C*C.**C.C.**C**C*C**C*C*C.*C*C**C**C*.**C**C.**.C.C.*C*C*C.***C.C.*****.C.***C.C*C****C*C**.C*C.C.C.C***C.C*****.C*.C*.C*.C.C****C*C.C***.**C.C**C**C*C.C*C.*.C.C.***C*.C*C*C*C*C.C*C***C.C****C*C.**.C.C*C.C.C.**C.C**C**C.*.C***C.*.C*C*C.**C.C*C*C**C.C*C***C.*C**C.C*C.C.C.C**C.C*C.C.*.*C*C.C*.C*C.C*C.C.C.C.C.C*.C*C**C*C*C*C****.*.*C*.*C.*C.*C*C*C**C.C.C.C*C.C***C***C.C**.C..C**C.*C*C.C..C***C.C*C..C.***C.***.C*C.C.C*.C.C*.C*C.**C.*
